[2021-03-28T13:19:46.369+0200][gc,heap] Heap region size: 1M
[2021-03-28T13:19:46.377+0200][gc     ] Using G1
[2021-03-28T13:19:46.377+0200][gc,heap,coops] Heap address: 0x00000000c0000000, size: 1024 MB, Compressed Oops mode: 32-bit
[2021-03-28T13:19:46.378+0200][gc,cds       ] Mark closed archive regions in map: [0x00000000fff00000, 0x00000000fff6aff8]
[2021-03-28T13:19:46.378+0200][gc,cds       ] Mark open archive regions in map: [0x00000000ffe00000, 0x00000000ffe46ff8]
[2021-03-28T13:19:48.474+0200][gc,start     ] GC(0) Pause Young (Normal) (G1 Evacuation Pause)
[2021-03-28T13:19:48.475+0200][gc,task      ] GC(0) Using 4 workers of 4 for evacuation
[2021-03-28T13:19:48.500+0200][gc,mmu       ] GC(0) MMU target violated: 21,0ms (20,0ms/21,0ms)
[2021-03-28T13:19:48.500+0200][gc,phases    ] GC(0)   Pre Evacuate Collection Set: 0,0ms
[2021-03-28T13:19:48.500+0200][gc,phases    ] GC(0)   Evacuate Collection Set: 24,0ms
[2021-03-28T13:19:48.500+0200][gc,phases    ] GC(0)   Post Evacuate Collection Set: 0,8ms
[2021-03-28T13:19:48.500+0200][gc,phases    ] GC(0)   Other: 1,3ms
[2021-03-28T13:19:48.500+0200][gc,heap      ] GC(0) Eden regions: 51->0(44)
[2021-03-28T13:19:48.500+0200][gc,heap      ] GC(0) Survivor regions: 0->7(7)
[2021-03-28T13:19:48.500+0200][gc,heap      ] GC(0) Old regions: 2->2
[2021-03-28T13:19:48.500+0200][gc,heap      ] GC(0) Humongous regions: 0->0
[2021-03-28T13:19:48.500+0200][gc,metaspace ] GC(0) Metaspace: 15671K->15671K(1062912K)
[2021-03-28T13:19:48.500+0200][gc           ] GC(0) Pause Young (Normal) (G1 Evacuation Pause) 51M->7M(1024M) 26,110ms
[2021-03-28T13:19:48.500+0200][gc,cpu       ] GC(0) User=0,00s Sys=0,10s Real=0,03s
[2021-03-28T13:19:49.009+0200][gc,start     ] GC(1) Pause Young (Concurrent Start) (Metadata GC Threshold)
[2021-03-28T13:19:49.009+0200][gc,task      ] GC(1) Using 4 workers of 4 for evacuation
[2021-03-28T13:19:49.041+0200][gc,mmu       ] GC(1) MMU target violated: 21,0ms (20,0ms/21,0ms)
[2021-03-28T13:19:49.041+0200][gc,phases    ] GC(1)   Pre Evacuate Collection Set: 0,1ms
[2021-03-28T13:19:49.041+0200][gc,phases    ] GC(1)   Evacuate Collection Set: 31,3ms
[2021-03-28T13:19:49.041+0200][gc,phases    ] GC(1)   Post Evacuate Collection Set: 0,4ms
[2021-03-28T13:19:49.041+0200][gc,phases    ] GC(1)   Other: 0,6ms
[2021-03-28T13:19:49.041+0200][gc,heap      ] GC(1) Eden regions: 20->0(49)
[2021-03-28T13:19:49.041+0200][gc,heap      ] GC(1) Survivor regions: 7->2(7)
[2021-03-28T13:19:49.041+0200][gc,heap      ] GC(1) Old regions: 2->9
[2021-03-28T13:19:49.042+0200][gc,heap      ] GC(1) Humongous regions: 0->0
[2021-03-28T13:19:49.042+0200][gc,metaspace ] GC(1) Metaspace: 20642K->20642K(1069056K)
[2021-03-28T13:19:49.042+0200][gc           ] GC(1) Pause Young (Concurrent Start) (Metadata GC Threshold) 27M->8M(1024M) 32,426ms
[2021-03-28T13:19:49.042+0200][gc,cpu       ] GC(1) User=0,00s Sys=0,08s Real=0,03s
[2021-03-28T13:19:49.042+0200][gc           ] GC(2) Concurrent Cycle
[2021-03-28T13:19:49.042+0200][gc,marking   ] GC(2) Concurrent Clear Claimed Marks
[2021-03-28T13:19:49.042+0200][gc,marking   ] GC(2) Concurrent Clear Claimed Marks 0,033ms
[2021-03-28T13:19:49.042+0200][gc,marking   ] GC(2) Concurrent Scan Root Regions
[2021-03-28T13:19:49.043+0200][gc,marking   ] GC(2) Concurrent Scan Root Regions 1,377ms
[2021-03-28T13:19:49.043+0200][gc,marking   ] GC(2) Concurrent Mark (2,677s)
[2021-03-28T13:19:49.043+0200][gc,marking   ] GC(2) Concurrent Mark From Roots
[2021-03-28T13:19:49.043+0200][gc,task      ] GC(2) Using 1 workers of 1 for marking
[2021-03-28T13:19:49.051+0200][gc,marking   ] GC(2) Concurrent Mark From Roots 8,192ms
[2021-03-28T13:19:49.051+0200][gc,marking   ] GC(2) Concurrent Preclean
[2021-03-28T13:19:49.051+0200][gc,marking   ] GC(2) Concurrent Preclean 0,144ms
[2021-03-28T13:19:49.051+0200][gc,marking   ] GC(2) Concurrent Mark (2,677s, 2,685s) 8,400ms
[2021-03-28T13:19:49.052+0200][gc,start     ] GC(2) Pause Remark
[2021-03-28T13:19:49.053+0200][gc,stringtable] GC(2) Cleaned string and symbol table, strings: 5099 processed, 0 removed, symbols: 50694 processed, 42 removed
[2021-03-28T13:19:49.054+0200][gc            ] GC(2) Pause Remark 8M->8M(1024M) 1,877ms
[2021-03-28T13:19:49.054+0200][gc,cpu        ] GC(2) User=0,01s Sys=0,00s Real=0,00s
[2021-03-28T13:19:49.054+0200][gc,marking    ] GC(2) Concurrent Rebuild Remembered Sets
[2021-03-28T13:19:49.059+0200][gc,marking    ] GC(2) Concurrent Rebuild Remembered Sets 5,645ms
[2021-03-28T13:19:49.061+0200][gc,start      ] GC(2) Pause Cleanup
[2021-03-28T13:19:49.062+0200][gc            ] GC(2) Pause Cleanup 9M->9M(1024M) 0,453ms
[2021-03-28T13:19:49.062+0200][gc,cpu        ] GC(2) User=0,00s Sys=0,00s Real=0,00s
[2021-03-28T13:19:49.062+0200][gc,marking    ] GC(2) Concurrent Cleanup for Next Mark
[2021-03-28T13:19:49.164+0200][gc,marking    ] GC(2) Concurrent Cleanup for Next Mark 102,285ms
[2021-03-28T13:19:49.164+0200][gc            ] GC(2) Concurrent Cycle 122,614ms
[2021-03-28T13:19:50.641+0200][gc,start      ] GC(3) Pause Young (Normal) (G1 Evacuation Pause)
[2021-03-28T13:19:50.641+0200][gc,task       ] GC(3) Using 4 workers of 4 for evacuation
[2021-03-28T13:19:50.646+0200][gc,phases     ] GC(3)   Pre Evacuate Collection Set: 0,0ms
[2021-03-28T13:19:50.646+0200][gc,phases     ] GC(3)   Evacuate Collection Set: 4,3ms
[2021-03-28T13:19:50.646+0200][gc,phases     ] GC(3)   Post Evacuate Collection Set: 0,4ms
[2021-03-28T13:19:50.646+0200][gc,phases     ] GC(3)   Other: 0,1ms
[2021-03-28T13:19:50.646+0200][gc,heap       ] GC(3) Eden regions: 49->0(46)
[2021-03-28T13:19:50.646+0200][gc,heap       ] GC(3) Survivor regions: 2->5(7)
[2021-03-28T13:19:50.646+0200][gc,heap       ] GC(3) Old regions: 9->9
[2021-03-28T13:19:50.646+0200][gc,heap       ] GC(3) Humongous regions: 129->129
[2021-03-28T13:19:50.646+0200][gc,metaspace  ] GC(3) Metaspace: 29882K->29882K(1077248K)
[2021-03-28T13:19:50.646+0200][gc            ] GC(3) Pause Young (Normal) (G1 Evacuation Pause) 186M->140M(1024M) 4,973ms
[2021-03-28T13:19:50.646+0200][gc,cpu        ] GC(3) User=0,01s Sys=0,00s Real=0,00s
[2021-03-28T13:20:08.239+0200][gc,start      ] GC(4) Pause Young (Concurrent Start) (Metadata GC Threshold)
[2021-03-28T13:20:08.239+0200][gc,task       ] GC(4) Using 4 workers of 4 for evacuation
[2021-03-28T13:20:08.267+0200][gc,mmu        ] GC(4) MMU target violated: 21,0ms (20,0ms/21,0ms)
[2021-03-28T13:20:08.267+0200][gc,phases     ] GC(4)   Pre Evacuate Collection Set: 0,2ms
[2021-03-28T13:20:08.267+0200][gc,phases     ] GC(4)   Evacuate Collection Set: 25,6ms
[2021-03-28T13:20:08.267+0200][gc,phases     ] GC(4)   Post Evacuate Collection Set: 1,5ms
[2021-03-28T13:20:08.267+0200][gc,phases     ] GC(4)   Other: 1,0ms
[2021-03-28T13:20:08.267+0200][gc,heap       ] GC(4) Eden regions: 22->0(49)
[2021-03-28T13:20:08.267+0200][gc,heap       ] GC(4) Survivor regions: 5->2(7)
[2021-03-28T13:20:08.267+0200][gc,heap       ] GC(4) Old regions: 9->13
[2021-03-28T13:20:08.267+0200][gc,heap       ] GC(4) Humongous regions: 129->129
[2021-03-28T13:20:08.267+0200][gc,metaspace  ] GC(4) Metaspace: 34574K->34574K(1081344K)
[2021-03-28T13:20:08.267+0200][gc            ] GC(4) Pause Young (Concurrent Start) (Metadata GC Threshold) 161M->141M(1024M) 28,511ms
[2021-03-28T13:20:08.267+0200][gc,cpu        ] GC(4) User=0,06s Sys=0,02s Real=0,03s
[2021-03-28T13:20:08.267+0200][gc            ] GC(5) Concurrent Cycle
[2021-03-28T13:20:08.268+0200][gc,marking    ] GC(5) Concurrent Clear Claimed Marks
[2021-03-28T13:20:08.268+0200][gc,marking    ] GC(5) Concurrent Clear Claimed Marks 0,274ms
[2021-03-28T13:20:08.268+0200][gc,marking    ] GC(5) Concurrent Scan Root Regions
[2021-03-28T13:20:08.272+0200][gc,marking    ] GC(5) Concurrent Scan Root Regions 3,806ms
[2021-03-28T13:20:08.272+0200][gc,marking    ] GC(5) Concurrent Mark (21,906s)
[2021-03-28T13:20:08.272+0200][gc,marking    ] GC(5) Concurrent Mark From Roots
[2021-03-28T13:20:08.272+0200][gc,task       ] GC(5) Using 1 workers of 1 for marking
[2021-03-28T13:20:08.296+0200][gc,marking    ] GC(5) Concurrent Mark From Roots 23,927ms
[2021-03-28T13:20:08.296+0200][gc,marking    ] GC(5) Concurrent Preclean
[2021-03-28T13:20:08.296+0200][gc,marking    ] GC(5) Concurrent Preclean 0,116ms
[2021-03-28T13:20:08.296+0200][gc,marking    ] GC(5) Concurrent Mark (21,906s, 21,930s) 24,155ms
[2021-03-28T13:20:08.297+0200][gc,start      ] GC(5) Pause Remark
[2021-03-28T13:20:08.300+0200][gc,stringtable] GC(5) Cleaned string and symbol table, strings: 10084 processed, 11 removed, symbols: 79899 processed, 8 removed
[2021-03-28T13:20:08.301+0200][gc            ] GC(5) Pause Remark 143M->143M(1024M) 4,228ms
[2021-03-28T13:20:08.301+0200][gc,cpu        ] GC(5) User=0,01s Sys=0,00s Real=0,01s
[2021-03-28T13:20:08.301+0200][gc,marking    ] GC(5) Concurrent Rebuild Remembered Sets
[2021-03-28T13:20:08.315+0200][gc,marking    ] GC(5) Concurrent Rebuild Remembered Sets 14,190ms
[2021-03-28T13:20:08.315+0200][gc,start      ] GC(5) Pause Cleanup
[2021-03-28T13:20:08.316+0200][gc            ] GC(5) Pause Cleanup 143M->143M(1024M) 0,363ms
[2021-03-28T13:20:08.316+0200][gc,cpu        ] GC(5) User=0,00s Sys=0,00s Real=0,00s
[2021-03-28T13:20:08.316+0200][gc,marking    ] GC(5) Concurrent Cleanup for Next Mark
[2021-03-28T13:20:08.328+0200][gc,marking    ] GC(5) Concurrent Cleanup for Next Mark 12,043ms
[2021-03-28T13:20:08.328+0200][gc            ] GC(5) Concurrent Cycle 60,555ms
[2021-03-28T14:58:05.288+0200][gc,start      ] GC(6) Pause Young (Normal) (G1 Evacuation Pause)
[2021-03-28T14:58:05.288+0200][gc,task       ] GC(6) Using 4 workers of 4 for evacuation
[2021-03-28T14:58:05.292+0200][gc,phases     ] GC(6)   Pre Evacuate Collection Set: 0,0ms
[2021-03-28T14:58:05.292+0200][gc,phases     ] GC(6)   Evacuate Collection Set: 3,6ms
[2021-03-28T14:58:05.292+0200][gc,phases     ] GC(6)   Post Evacuate Collection Set: 0,3ms
[2021-03-28T14:58:05.292+0200][gc,phases     ] GC(6)   Other: 0,2ms
[2021-03-28T14:58:05.292+0200][gc,heap       ] GC(6) Eden regions: 49->0(49)
[2021-03-28T14:58:05.292+0200][gc,heap       ] GC(6) Survivor regions: 2->2(7)
[2021-03-28T14:58:05.292+0200][gc,heap       ] GC(6) Old regions: 13->13
[2021-03-28T14:58:05.292+0200][gc,heap       ] GC(6) Humongous regions: 129->129
[2021-03-28T14:58:05.292+0200][gc,metaspace  ] GC(6) Metaspace: 35477K->35477K(1081344K)
[2021-03-28T14:58:05.292+0200][gc            ] GC(6) Pause Young (Normal) (G1 Evacuation Pause) 190M->141M(1024M) 4,337ms
[2021-03-28T14:58:05.292+0200][gc,cpu        ] GC(6) User=0,00s Sys=0,01s Real=0,00s
[2021-03-28T15:02:59.693+0200][gc,start      ] GC(7) Pause Young (Normal) (G1 Evacuation Pause)
[2021-03-28T15:02:59.693+0200][gc,task       ] GC(7) Using 4 workers of 4 for evacuation
[2021-03-28T15:02:59.713+0200][gc,phases     ] GC(7)   Pre Evacuate Collection Set: 0,0ms
[2021-03-28T15:02:59.713+0200][gc,phases     ] GC(7)   Evacuate Collection Set: 11,9ms
[2021-03-28T15:02:59.713+0200][gc,phases     ] GC(7)   Post Evacuate Collection Set: 7,6ms
[2021-03-28T15:02:59.713+0200][gc,phases     ] GC(7)   Other: 0,3ms
[2021-03-28T15:02:59.713+0200][gc,heap       ] GC(7) Eden regions: 49->0(47)
[2021-03-28T15:02:59.713+0200][gc,heap       ] GC(7) Survivor regions: 2->4(7)
[2021-03-28T15:02:59.713+0200][gc,heap       ] GC(7) Old regions: 13->13
[2021-03-28T15:02:59.713+0200][gc,heap       ] GC(7) Humongous regions: 129->129
[2021-03-28T15:02:59.713+0200][gc,metaspace  ] GC(7) Metaspace: 40492K->40492K(1085440K)
[2021-03-28T15:02:59.713+0200][gc            ] GC(7) Pause Young (Normal) (G1 Evacuation Pause) 190M->143M(1024M) 20,137ms
[2021-03-28T15:02:59.713+0200][gc,cpu        ] GC(7) User=0,05s Sys=0,00s Real=0,02s
[2021-03-28T15:13:45.642+0200][gc,start      ] GC(8) Pause Young (Normal) (G1 Evacuation Pause)
[2021-03-28T15:13:45.642+0200][gc,task       ] GC(8) Using 4 workers of 4 for evacuation
[2021-03-28T15:13:45.663+0200][gc,mmu        ] GC(8) MMU target violated: 20,7ms (20,0ms/21,0ms)
[2021-03-28T15:13:45.663+0200][gc,phases     ] GC(8)   Pre Evacuate Collection Set: 0,6ms
[2021-03-28T15:13:45.663+0200][gc,phases     ] GC(8)   Evacuate Collection Set: 18,5ms
[2021-03-28T15:13:45.663+0200][gc,phases     ] GC(8)   Post Evacuate Collection Set: 1,3ms
[2021-03-28T15:13:45.663+0200][gc,phases     ] GC(8)   Other: 0,5ms
[2021-03-28T15:13:45.663+0200][gc,heap       ] GC(8) Eden regions: 47->0(46)
[2021-03-28T15:13:45.663+0200][gc,heap       ] GC(8) Survivor regions: 4->5(7)
[2021-03-28T15:13:45.663+0200][gc,heap       ] GC(8) Old regions: 13->14
[2021-03-28T15:13:45.663+0200][gc,heap       ] GC(8) Humongous regions: 129->129
[2021-03-28T15:13:45.663+0200][gc,metaspace  ] GC(8) Metaspace: 41387K->41387K(1087488K)
[2021-03-28T15:13:45.663+0200][gc            ] GC(8) Pause Young (Normal) (G1 Evacuation Pause) 190M->145M(1024M) 21,047ms
[2021-03-28T15:13:45.663+0200][gc,cpu        ] GC(8) User=0,07s Sys=0,00s Real=0,02s
[2021-03-28T15:27:19.068+0200][gc,start      ] GC(9) Pause Young (Normal) (G1 Evacuation Pause)
[2021-03-28T15:27:19.068+0200][gc,task       ] GC(9) Using 4 workers of 4 for evacuation
[2021-03-28T15:27:19.075+0200][gc,phases     ] GC(9)   Pre Evacuate Collection Set: 0,4ms
[2021-03-28T15:27:19.075+0200][gc,phases     ] GC(9)   Evacuate Collection Set: 5,9ms
[2021-03-28T15:27:19.075+0200][gc,phases     ] GC(9)   Post Evacuate Collection Set: 0,5ms
[2021-03-28T15:27:19.075+0200][gc,phases     ] GC(9)   Other: 0,3ms
[2021-03-28T15:27:19.075+0200][gc,heap       ] GC(9) Eden regions: 46->0(49)
[2021-03-28T15:27:19.075+0200][gc,heap       ] GC(9) Survivor regions: 5->2(7)
[2021-03-28T15:27:19.075+0200][gc,heap       ] GC(9) Old regions: 14->17
[2021-03-28T15:27:19.075+0200][gc,heap       ] GC(9) Humongous regions: 129->129
[2021-03-28T15:27:19.075+0200][gc,metaspace  ] GC(9) Metaspace: 41651K->41651K(1087488K)
[2021-03-28T15:27:19.075+0200][gc            ] GC(9) Pause Young (Normal) (G1 Evacuation Pause) 191M->145M(1024M) 7,204ms
[2021-03-28T15:27:19.075+0200][gc,cpu        ] GC(9) User=0,01s Sys=0,01s Real=0,00s
[2021-03-28T15:42:45.527+0200][gc,start      ] GC(10) Pause Young (Normal) (G1 Evacuation Pause)
[2021-03-28T15:42:45.527+0200][gc,task       ] GC(10) Using 4 workers of 4 for evacuation
[2021-03-28T15:42:45.532+0200][gc,phases     ] GC(10)   Pre Evacuate Collection Set: 0,3ms
[2021-03-28T15:42:45.532+0200][gc,phases     ] GC(10)   Evacuate Collection Set: 3,8ms
[2021-03-28T15:42:45.532+0200][gc,phases     ] GC(10)   Post Evacuate Collection Set: 0,8ms
[2021-03-28T15:42:45.532+0200][gc,phases     ] GC(10)   Other: 0,3ms
[2021-03-28T15:42:45.532+0200][gc,heap       ] GC(10) Eden regions: 49->0(47)
[2021-03-28T15:42:45.532+0200][gc,heap       ] GC(10) Survivor regions: 2->4(7)
[2021-03-28T15:42:45.532+0200][gc,heap       ] GC(10) Old regions: 17->17
[2021-03-28T15:42:45.532+0200][gc,heap       ] GC(10) Humongous regions: 129->129
[2021-03-28T15:42:45.532+0200][gc,metaspace  ] GC(10) Metaspace: 41706K->41706K(1087488K)
[2021-03-28T15:42:45.532+0200][gc            ] GC(10) Pause Young (Normal) (G1 Evacuation Pause) 194M->146M(1024M) 5,199ms
[2021-03-28T15:42:45.532+0200][gc,cpu        ] GC(10) User=0,01s Sys=0,00s Real=0,01s
[2021-03-28T15:51:58.861+0200][gc,start      ] GC(11) Pause Young (Normal) (G1 Evacuation Pause)
[2021-03-28T15:51:58.861+0200][gc,task       ] GC(11) Using 4 workers of 4 for evacuation
[2021-03-28T15:51:58.867+0200][gc,phases     ] GC(11)   Pre Evacuate Collection Set: 0,4ms
[2021-03-28T15:51:58.867+0200][gc,phases     ] GC(11)   Evacuate Collection Set: 4,2ms
[2021-03-28T15:51:58.867+0200][gc,phases     ] GC(11)   Post Evacuate Collection Set: 0,7ms
[2021-03-28T15:51:58.867+0200][gc,phases     ] GC(11)   Other: 0,4ms
[2021-03-28T15:51:58.867+0200][gc,heap       ] GC(11) Eden regions: 47->0(49)
[2021-03-28T15:51:58.867+0200][gc,heap       ] GC(11) Survivor regions: 4->3(7)
[2021-03-28T15:51:58.867+0200][gc,heap       ] GC(11) Old regions: 17->17
[2021-03-28T15:51:58.867+0200][gc,heap       ] GC(11) Humongous regions: 129->129
[2021-03-28T15:51:58.867+0200][gc,metaspace  ] GC(11) Metaspace: 41965K->41965K(1087488K)
[2021-03-28T15:51:58.867+0200][gc            ] GC(11) Pause Young (Normal) (G1 Evacuation Pause) 193M->146M(1024M) 5,744ms
[2021-03-28T15:51:58.867+0200][gc,cpu        ] GC(11) User=0,01s Sys=0,00s Real=0,00s
[2021-03-28T15:59:54.745+0200][gc,start      ] GC(12) Pause Young (Normal) (G1 Evacuation Pause)
[2021-03-28T15:59:54.745+0200][gc,task       ] GC(12) Using 4 workers of 4 for evacuation
[2021-03-28T15:59:54.759+0200][gc,phases     ] GC(12)   Pre Evacuate Collection Set: 0,2ms
[2021-03-28T15:59:54.759+0200][gc,phases     ] GC(12)   Evacuate Collection Set: 11,0ms
[2021-03-28T15:59:54.759+0200][gc,phases     ] GC(12)   Post Evacuate Collection Set: 2,1ms
[2021-03-28T15:59:54.759+0200][gc,phases     ] GC(12)   Other: 0,3ms
[2021-03-28T15:59:54.759+0200][gc,heap       ] GC(12) Eden regions: 49->0(58)
[2021-03-28T15:59:54.759+0200][gc,heap       ] GC(12) Survivor regions: 3->3(7)
[2021-03-28T15:59:54.759+0200][gc,heap       ] GC(12) Old regions: 17->17
[2021-03-28T15:59:54.759+0200][gc,heap       ] GC(12) Humongous regions: 129->129
[2021-03-28T15:59:54.759+0200][gc,metaspace  ] GC(12) Metaspace: 42288K->42288K(1087488K)
[2021-03-28T15:59:54.759+0200][gc            ] GC(12) Pause Young (Normal) (G1 Evacuation Pause) 195M->146M(1024M) 13,683ms
[2021-03-28T15:59:54.759+0200][gc,cpu        ] GC(12) User=0,02s Sys=0,00s Real=0,01s
[2021-03-28T16:06:53.568+0200][gc,start      ] GC(13) Pause Young (Normal) (G1 Evacuation Pause)
[2021-03-28T16:06:53.568+0200][gc,task       ] GC(13) Using 4 workers of 4 for evacuation
[2021-03-28T16:06:53.579+0200][gc,phases     ] GC(13)   Pre Evacuate Collection Set: 0,3ms
[2021-03-28T16:06:53.579+0200][gc,phases     ] GC(13)   Evacuate Collection Set: 9,4ms
[2021-03-28T16:06:53.579+0200][gc,phases     ] GC(13)   Post Evacuate Collection Set: 1,4ms
[2021-03-28T16:06:53.579+0200][gc,phases     ] GC(13)   Other: 0,5ms
[2021-03-28T16:06:53.579+0200][gc,heap       ] GC(13) Eden regions: 58->0(59)
[2021-03-28T16:06:53.579+0200][gc,heap       ] GC(13) Survivor regions: 3->5(8)
[2021-03-28T16:06:53.579+0200][gc,heap       ] GC(13) Old regions: 17->17
[2021-03-28T16:06:53.579+0200][gc,heap       ] GC(13) Humongous regions: 129->129
[2021-03-28T16:06:53.580+0200][gc,metaspace  ] GC(13) Metaspace: 42455K->42455K(1087488K)
[2021-03-28T16:06:53.580+0200][gc            ] GC(13) Pause Young (Normal) (G1 Evacuation Pause) 204M->148M(1024M) 11,716ms
[2021-03-28T16:06:53.580+0200][gc,cpu        ] GC(13) User=0,04s Sys=0,00s Real=0,00s
[2021-03-28T16:18:18.418+0200][gc,start      ] GC(14) Pause Young (Normal) (G1 Evacuation Pause)
[2021-03-28T16:18:18.418+0200][gc,task       ] GC(14) Using 4 workers of 4 for evacuation
[2021-03-28T16:18:18.441+0200][gc,mmu        ] GC(14) MMU target violated: 21,0ms (20,0ms/21,0ms)
[2021-03-28T16:18:18.442+0200][gc,phases     ] GC(14)   Pre Evacuate Collection Set: 1,0ms
[2021-03-28T16:18:18.442+0200][gc,phases     ] GC(14)   Evacuate Collection Set: 19,3ms
[2021-03-28T16:18:18.442+0200][gc,phases     ] GC(14)   Post Evacuate Collection Set: 2,2ms
[2021-03-28T16:18:18.442+0200][gc,phases     ] GC(14)   Other: 1,0ms
[2021-03-28T16:18:18.442+0200][gc,heap       ] GC(14) Eden regions: 59->0(57)
[2021-03-28T16:18:18.442+0200][gc,heap       ] GC(14) Survivor regions: 5->4(8)
[2021-03-28T16:18:18.442+0200][gc,heap       ] GC(14) Old regions: 17->17
[2021-03-28T16:18:18.442+0200][gc,heap       ] GC(14) Humongous regions: 129->129
[2021-03-28T16:18:18.442+0200][gc,metaspace  ] GC(14) Metaspace: 42496K->42496K(1087488K)
[2021-03-28T16:18:18.442+0200][gc            ] GC(14) Pause Young (Normal) (G1 Evacuation Pause) 207M->148M(1024M) 23,914ms
[2021-03-28T16:18:18.442+0200][gc,cpu        ] GC(14) User=0,07s Sys=0,00s Real=0,03s
[2021-03-29T10:25:42.932+0200][gc,start      ] GC(15) Pause Young (Normal) (G1 Evacuation Pause)
[2021-03-29T10:25:42.932+0200][gc,task       ] GC(15) Using 4 workers of 4 for evacuation
[2021-03-29T10:25:42.945+0200][gc,phases     ] GC(15)   Pre Evacuate Collection Set: 1,6ms
[2021-03-29T10:25:42.945+0200][gc,phases     ] GC(15)   Evacuate Collection Set: 9,3ms
[2021-03-29T10:25:42.945+0200][gc,phases     ] GC(15)   Post Evacuate Collection Set: 1,8ms
[2021-03-29T10:25:42.945+0200][gc,phases     ] GC(15)   Other: 1,0ms
[2021-03-29T10:25:42.945+0200][gc,heap       ] GC(15) Eden regions: 57->0(60)
[2021-03-29T10:25:42.945+0200][gc,heap       ] GC(15) Survivor regions: 4->4(8)
[2021-03-29T10:25:42.945+0200][gc,heap       ] GC(15) Old regions: 17->17
[2021-03-29T10:25:42.945+0200][gc,heap       ] GC(15) Humongous regions: 129->129
[2021-03-29T10:25:42.945+0200][gc,metaspace  ] GC(15) Metaspace: 42543K->42543K(1087488K)
[2021-03-29T10:25:42.945+0200][gc            ] GC(15) Pause Young (Normal) (G1 Evacuation Pause) 205M->147M(1024M) 13,839ms
[2021-03-29T10:25:42.945+0200][gc,cpu        ] GC(15) User=0,03s Sys=0,00s Real=0,01s
[2021-03-29T10:38:05.027+0200][gc,start      ] GC(16) Pause Young (Normal) (G1 Evacuation Pause)
[2021-03-29T10:38:05.027+0200][gc,task       ] GC(16) Using 4 workers of 4 for evacuation
[2021-03-29T10:38:05.046+0200][gc,phases     ] GC(16)   Pre Evacuate Collection Set: 0,5ms
[2021-03-29T10:38:05.046+0200][gc,phases     ] GC(16)   Evacuate Collection Set: 13,1ms
[2021-03-29T10:38:05.046+0200][gc,phases     ] GC(16)   Post Evacuate Collection Set: 4,8ms
[2021-03-29T10:38:05.046+0200][gc,phases     ] GC(16)   Other: 0,6ms
[2021-03-29T10:38:05.046+0200][gc,heap       ] GC(16) Eden regions: 60->0(62)
[2021-03-29T10:38:05.046+0200][gc,heap       ] GC(16) Survivor regions: 4->4(8)
[2021-03-29T10:38:05.046+0200][gc,heap       ] GC(16) Old regions: 17->17
[2021-03-29T10:38:05.046+0200][gc,heap       ] GC(16) Humongous regions: 129->129
[2021-03-29T10:38:05.046+0200][gc,metaspace  ] GC(16) Metaspace: 42581K->42581K(1087488K)
[2021-03-29T10:38:05.046+0200][gc            ] GC(16) Pause Young (Normal) (G1 Evacuation Pause) 207M->147M(1024M) 19,163ms
[2021-03-29T10:38:05.046+0200][gc,cpu        ] GC(16) User=0,03s Sys=0,00s Real=0,01s
[2021-03-29T10:52:08.124+0200][gc,start      ] GC(17) Pause Young (Normal) (G1 Evacuation Pause)
[2021-03-29T10:52:08.125+0200][gc,task       ] GC(17) Using 4 workers of 4 for evacuation
[2021-03-29T10:52:08.155+0200][gc,mmu        ] GC(17) MMU target violated: 21,0ms (20,0ms/21,0ms)
[2021-03-29T10:52:08.155+0200][gc,phases     ] GC(17)   Pre Evacuate Collection Set: 0,2ms
[2021-03-29T10:52:08.155+0200][gc,phases     ] GC(17)   Evacuate Collection Set: 28,0ms
[2021-03-29T10:52:08.155+0200][gc,phases     ] GC(17)   Post Evacuate Collection Set: 1,6ms
[2021-03-29T10:52:08.155+0200][gc,phases     ] GC(17)   Other: 0,9ms
[2021-03-29T10:52:08.155+0200][gc,heap       ] GC(17) Eden regions: 62->0(46)
[2021-03-29T10:52:08.155+0200][gc,heap       ] GC(17) Survivor regions: 4->5(9)
[2021-03-29T10:52:08.155+0200][gc,heap       ] GC(17) Old regions: 17->17
[2021-03-29T10:52:08.155+0200][gc,heap       ] GC(17) Humongous regions: 129->129
[2021-03-29T10:52:08.155+0200][gc,metaspace  ] GC(17) Metaspace: 42660K->42660K(1087488K)
[2021-03-29T10:52:08.155+0200][gc            ] GC(17) Pause Young (Normal) (G1 Evacuation Pause) 209M->148M(1024M) 30,861ms
[2021-03-29T10:52:08.155+0200][gc,cpu        ] GC(17) User=0,11s Sys=0,00s Real=0,04s
[2021-03-29T10:57:17.299+0200][gc,start      ] GC(18) Pause Young (Normal) (G1 Evacuation Pause)
[2021-03-29T10:57:17.299+0200][gc,task       ] GC(18) Using 4 workers of 4 for evacuation
[2021-03-29T10:57:17.312+0200][gc,phases     ] GC(18)   Pre Evacuate Collection Set: 0,1ms
[2021-03-29T10:57:17.312+0200][gc,phases     ] GC(18)   Evacuate Collection Set: 11,8ms
[2021-03-29T10:57:17.312+0200][gc,phases     ] GC(18)   Post Evacuate Collection Set: 0,4ms
[2021-03-29T10:57:17.312+0200][gc,phases     ] GC(18)   Other: 0,2ms
[2021-03-29T10:57:17.312+0200][gc,heap       ] GC(18) Eden regions: 46->0(59)
[2021-03-29T10:57:17.312+0200][gc,heap       ] GC(18) Survivor regions: 5->3(7)
[2021-03-29T10:57:17.312+0200][gc,heap       ] GC(18) Old regions: 17->18
[2021-03-29T10:57:17.312+0200][gc,heap       ] GC(18) Humongous regions: 129->129
[2021-03-29T10:57:17.312+0200][gc,metaspace  ] GC(18) Metaspace: 42699K->42699K(1087488K)
[2021-03-29T10:57:17.312+0200][gc            ] GC(18) Pause Young (Normal) (G1 Evacuation Pause) 194M->148M(1024M) 12,773ms
[2021-03-29T10:57:17.312+0200][gc,cpu        ] GC(18) User=0,04s Sys=0,00s Real=0,01s
[2021-03-29T11:04:49.490+0200][gc,start      ] GC(19) Pause Young (Normal) (G1 Evacuation Pause)
[2021-03-29T11:04:49.490+0200][gc,task       ] GC(19) Using 4 workers of 4 for evacuation
[2021-03-29T11:04:49.507+0200][gc,phases     ] GC(19)   Pre Evacuate Collection Set: 0,4ms
[2021-03-29T11:04:49.507+0200][gc,phases     ] GC(19)   Evacuate Collection Set: 13,5ms
[2021-03-29T11:04:49.507+0200][gc,phases     ] GC(19)   Post Evacuate Collection Set: 1,8ms
[2021-03-29T11:04:49.507+0200][gc,phases     ] GC(19)   Other: 1,2ms
[2021-03-29T11:04:49.507+0200][gc,heap       ] GC(19) Eden regions: 59->0(59)
[2021-03-29T11:04:49.507+0200][gc,heap       ] GC(19) Survivor regions: 3->4(8)
[2021-03-29T11:04:49.507+0200][gc,heap       ] GC(19) Old regions: 18->18
[2021-03-29T11:04:49.507+0200][gc,heap       ] GC(19) Humongous regions: 129->129
[2021-03-29T11:04:49.507+0200][gc,metaspace  ] GC(19) Metaspace: 42773K->42773K(1087488K)
[2021-03-29T11:04:49.507+0200][gc            ] GC(19) Pause Young (Normal) (G1 Evacuation Pause) 207M->148M(1024M) 17,095ms
[2021-03-29T11:04:49.507+0200][gc,cpu        ] GC(19) User=0,05s Sys=0,00s Real=0,02s
[2021-03-29T11:16:18.920+0200][gc,start      ] GC(20) Pause Young (Normal) (G1 Evacuation Pause)
[2021-03-29T11:16:18.920+0200][gc,task       ] GC(20) Using 4 workers of 4 for evacuation
[2021-03-29T11:16:18.948+0200][gc,mmu        ] GC(20) MMU target violated: 21,0ms (20,0ms/21,0ms)
[2021-03-29T11:16:18.948+0200][gc,phases     ] GC(20)   Pre Evacuate Collection Set: 1,0ms
[2021-03-29T11:16:18.948+0200][gc,phases     ] GC(20)   Evacuate Collection Set: 23,6ms
[2021-03-29T11:16:18.948+0200][gc,phases     ] GC(20)   Post Evacuate Collection Set: 2,8ms
[2021-03-29T11:16:18.948+0200][gc,phases     ] GC(20)   Other: 1,4ms
[2021-03-29T11:16:18.948+0200][gc,heap       ] GC(20) Eden regions: 59->0(47)
[2021-03-29T11:16:18.948+0200][gc,heap       ] GC(20) Survivor regions: 4->4(8)
[2021-03-29T11:16:18.948+0200][gc,heap       ] GC(20) Old regions: 18->18
[2021-03-29T11:16:18.948+0200][gc,heap       ] GC(20) Humongous regions: 129->129
[2021-03-29T11:16:18.948+0200][gc,metaspace  ] GC(20) Metaspace: 42780K->42780K(1087488K)
[2021-03-29T11:16:18.948+0200][gc            ] GC(20) Pause Young (Normal) (G1 Evacuation Pause) 207M->148M(1024M) 28,608ms
[2021-03-29T11:16:18.948+0200][gc,cpu        ] GC(20) User=0,09s Sys=0,00s Real=0,03s
[2021-03-29T11:26:52.237+0200][gc,start      ] GC(21) Pause Young (Normal) (G1 Evacuation Pause)
[2021-03-29T11:26:52.238+0200][gc,task       ] GC(21) Using 4 workers of 4 for evacuation
[2021-03-29T11:26:52.257+0200][gc,phases     ] GC(21)   Pre Evacuate Collection Set: 0,5ms
[2021-03-29T11:26:52.257+0200][gc,phases     ] GC(21)   Evacuate Collection Set: 14,8ms
[2021-03-29T11:26:52.257+0200][gc,phases     ] GC(21)   Post Evacuate Collection Set: 3,7ms
[2021-03-29T11:26:52.257+0200][gc,phases     ] GC(21)   Other: 0,7ms
[2021-03-29T11:26:52.257+0200][gc,heap       ] GC(21) Eden regions: 47->0(47)
[2021-03-29T11:26:52.257+0200][gc,heap       ] GC(21) Survivor regions: 4->4(7)
[2021-03-29T11:26:52.257+0200][gc,heap       ] GC(21) Old regions: 18->18
[2021-03-29T11:26:52.257+0200][gc,heap       ] GC(21) Humongous regions: 129->129
[2021-03-29T11:26:52.257+0200][gc,metaspace  ] GC(21) Metaspace: 42786K->42786K(1087488K)
[2021-03-29T11:26:52.257+0200][gc            ] GC(21) Pause Young (Normal) (G1 Evacuation Pause) 195M->148M(1024M) 19,937ms
[2021-03-29T11:26:52.257+0200][gc,cpu        ] GC(21) User=0,06s Sys=0,00s Real=0,02s
[2021-03-29T11:41:48.229+0200][gc,start      ] GC(22) Pause Young (Normal) (G1 Evacuation Pause)
[2021-03-29T11:41:48.230+0200][gc,task       ] GC(22) Using 4 workers of 4 for evacuation
[2021-03-29T11:41:48.253+0200][gc,mmu        ] GC(22) MMU target violated: 21,0ms (20,0ms/21,0ms)
[2021-03-29T11:41:48.253+0200][gc,phases     ] GC(22)   Pre Evacuate Collection Set: 0,6ms
[2021-03-29T11:41:48.253+0200][gc,phases     ] GC(22)   Evacuate Collection Set: 18,6ms
[2021-03-29T11:41:48.253+0200][gc,phases     ] GC(22)   Post Evacuate Collection Set: 3,2ms
[2021-03-29T11:41:48.253+0200][gc,phases     ] GC(22)   Other: 1,2ms
[2021-03-29T11:41:48.253+0200][gc,heap       ] GC(22) Eden regions: 47->0(46)
[2021-03-29T11:41:48.253+0200][gc,heap       ] GC(22) Survivor regions: 4->5(7)
[2021-03-29T11:41:48.253+0200][gc,heap       ] GC(22) Old regions: 18->18
[2021-03-29T11:41:48.253+0200][gc,heap       ] GC(22) Humongous regions: 129->129
[2021-03-29T11:41:48.253+0200][gc,metaspace  ] GC(22) Metaspace: 42802K->42802K(1087488K)
[2021-03-29T11:41:48.253+0200][gc            ] GC(22) Pause Young (Normal) (G1 Evacuation Pause) 195M->149M(1024M) 23,648ms
[2021-03-29T11:41:48.253+0200][gc,cpu        ] GC(22) User=0,07s Sys=0,00s Real=0,02s
[2021-03-29T11:56:26.144+0200][gc,start      ] GC(23) Pause Young (Normal) (G1 Evacuation Pause)
[2021-03-29T11:56:26.144+0200][gc,task       ] GC(23) Using 4 workers of 4 for evacuation
[2021-03-29T11:56:26.166+0200][gc,mmu        ] GC(23) MMU target violated: 21,0ms (20,0ms/21,0ms)
[2021-03-29T11:56:26.166+0200][gc,phases     ] GC(23)   Pre Evacuate Collection Set: 0,9ms
[2021-03-29T11:56:26.166+0200][gc,phases     ] GC(23)   Evacuate Collection Set: 18,9ms
[2021-03-29T11:56:26.167+0200][gc,phases     ] GC(23)   Post Evacuate Collection Set: 1,9ms
[2021-03-29T11:56:26.167+0200][gc,phases     ] GC(23)   Other: 1,0ms
[2021-03-29T11:56:26.167+0200][gc,heap       ] GC(23) Eden regions: 46->0(47)
[2021-03-29T11:56:26.167+0200][gc,heap       ] GC(23) Survivor regions: 5->4(7)
[2021-03-29T11:56:26.167+0200][gc,heap       ] GC(23) Old regions: 18->19
[2021-03-29T11:56:26.167+0200][gc,heap       ] GC(23) Humongous regions: 129->129
[2021-03-29T11:56:26.167+0200][gc,metaspace  ] GC(23) Metaspace: 42803K->42803K(1087488K)
[2021-03-29T11:56:26.167+0200][gc            ] GC(23) Pause Young (Normal) (G1 Evacuation Pause) 195M->149M(1024M) 22,897ms
[2021-03-29T11:56:26.167+0200][gc,cpu        ] GC(23) User=0,07s Sys=0,00s Real=0,03s
[2021-03-29T12:10:28.441+0200][gc,start      ] GC(24) Pause Young (Normal) (G1 Evacuation Pause)
[2021-03-29T12:10:28.441+0200][gc,task       ] GC(24) Using 4 workers of 4 for evacuation
[2021-03-29T12:10:28.451+0200][gc,phases     ] GC(24)   Pre Evacuate Collection Set: 0,4ms
[2021-03-29T12:10:28.451+0200][gc,phases     ] GC(24)   Evacuate Collection Set: 8,6ms
[2021-03-29T12:10:28.451+0200][gc,phases     ] GC(24)   Post Evacuate Collection Set: 0,9ms
[2021-03-29T12:10:28.451+0200][gc,phases     ] GC(24)   Other: 0,6ms
[2021-03-29T12:10:28.451+0200][gc,heap       ] GC(24) Eden regions: 47->0(63)
[2021-03-29T12:10:28.451+0200][gc,heap       ] GC(24) Survivor regions: 4->3(7)
[2021-03-29T12:10:28.451+0200][gc,heap       ] GC(24) Old regions: 19->19
[2021-03-29T12:10:28.451+0200][gc,heap       ] GC(24) Humongous regions: 129->129
[2021-03-29T12:10:28.451+0200][gc,metaspace  ] GC(24) Metaspace: 42805K->42805K(1087488K)
[2021-03-29T12:10:28.451+0200][gc            ] GC(24) Pause Young (Normal) (G1 Evacuation Pause) 196M->149M(1024M) 10,686ms
[2021-03-29T12:10:28.451+0200][gc,cpu        ] GC(24) User=0,03s Sys=0,00s Real=0,01s
[2021-03-29T12:30:38.926+0200][gc,start      ] GC(25) Pause Young (Normal) (G1 Evacuation Pause)
[2021-03-29T12:30:38.926+0200][gc,task       ] GC(25) Using 4 workers of 4 for evacuation
[2021-03-29T12:30:38.931+0200][gc,phases     ] GC(25)   Pre Evacuate Collection Set: 0,4ms
[2021-03-29T12:30:38.931+0200][gc,phases     ] GC(25)   Evacuate Collection Set: 3,8ms
[2021-03-29T12:30:38.931+0200][gc,phases     ] GC(25)   Post Evacuate Collection Set: 0,5ms
[2021-03-29T12:30:38.931+0200][gc,phases     ] GC(25)   Other: 0,3ms
[2021-03-29T12:30:38.931+0200][gc,heap       ] GC(25) Eden regions: 63->0(67)
[2021-03-29T12:30:38.931+0200][gc,heap       ] GC(25) Survivor regions: 3->4(9)
[2021-03-29T12:30:38.931+0200][gc,heap       ] GC(25) Old regions: 19->19
[2021-03-29T12:30:38.931+0200][gc,heap       ] GC(25) Humongous regions: 129->129
[2021-03-29T12:30:38.931+0200][gc,metaspace  ] GC(25) Metaspace: 42806K->42806K(1089536K)
[2021-03-29T12:30:38.931+0200][gc            ] GC(25) Pause Young (Normal) (G1 Evacuation Pause) 212M->149M(1024M) 5,011ms
[2021-03-29T12:30:38.931+0200][gc,cpu        ] GC(25) User=0,02s Sys=0,00s Real=0,01s
[2021-03-29T12:52:06.449+0200][gc,start      ] GC(26) Pause Young (Normal) (G1 Evacuation Pause)
[2021-03-29T12:52:06.449+0200][gc,task       ] GC(26) Using 4 workers of 4 for evacuation
[2021-03-29T12:52:06.458+0200][gc,phases     ] GC(26)   Pre Evacuate Collection Set: 0,5ms
[2021-03-29T12:52:06.458+0200][gc,phases     ] GC(26)   Evacuate Collection Set: 8,2ms
[2021-03-29T12:52:06.458+0200][gc,phases     ] GC(26)   Post Evacuate Collection Set: 0,5ms
[2021-03-29T12:52:06.458+0200][gc,phases     ] GC(26)   Other: 0,4ms
[2021-03-29T12:52:06.458+0200][gc,heap       ] GC(26) Eden regions: 67->0(611)
[2021-03-29T12:52:06.458+0200][gc,heap       ] GC(26) Survivor regions: 4->3(9)
[2021-03-29T12:52:06.458+0200][gc,heap       ] GC(26) Old regions: 19->19
[2021-03-29T12:52:06.458+0200][gc,heap       ] GC(26) Humongous regions: 129->129
[2021-03-29T12:52:06.458+0200][gc,metaspace  ] GC(26) Metaspace: 42809K->42809K(1089536K)
[2021-03-29T12:52:06.458+0200][gc            ] GC(26) Pause Young (Normal) (G1 Evacuation Pause) 216M->148M(1024M) 9,659ms
[2021-03-29T12:52:06.458+0200][gc,cpu        ] GC(26) User=0,02s Sys=0,00s Real=0,01s
