[2021-03-21T20:26:18.590+0100][gc,heap] Heap region size: 1M
[2021-03-21T20:26:18.600+0100][gc     ] Using G1
[2021-03-21T20:26:18.600+0100][gc,heap,coops] Heap address: 0x00000000c0000000, size: 1024 MB, Compressed Oops mode: 32-bit
[2021-03-21T20:26:18.601+0100][gc,cds       ] Mark closed archive regions in map: [0x00000000fff00000, 0x00000000fff6aff8]
[2021-03-21T20:26:18.601+0100][gc,cds       ] Mark open archive regions in map: [0x00000000ffe00000, 0x00000000ffe46ff8]
[2021-03-21T20:26:20.045+0100][gc,start     ] GC(0) Pause Young (Normal) (G1 Evacuation Pause)
[2021-03-21T20:26:20.046+0100][gc,task      ] GC(0) Using 4 workers of 4 for evacuation
[2021-03-21T20:26:20.069+0100][gc,mmu       ] GC(0) MMU target violated: 21,0ms (20,0ms/21,0ms)
[2021-03-21T20:26:20.069+0100][gc,phases    ] GC(0)   Pre Evacuate Collection Set: 0,0ms
[2021-03-21T20:26:20.069+0100][gc,phases    ] GC(0)   Evacuate Collection Set: 22,2ms
[2021-03-21T20:26:20.069+0100][gc,phases    ] GC(0)   Post Evacuate Collection Set: 0,7ms
[2021-03-21T20:26:20.069+0100][gc,phases    ] GC(0)   Other: 1,2ms
[2021-03-21T20:26:20.069+0100][gc,heap      ] GC(0) Eden regions: 51->0(44)
[2021-03-21T20:26:20.069+0100][gc,heap      ] GC(0) Survivor regions: 0->7(7)
[2021-03-21T20:26:20.069+0100][gc,heap      ] GC(0) Old regions: 2->2
[2021-03-21T20:26:20.069+0100][gc,heap      ] GC(0) Humongous regions: 0->0
[2021-03-21T20:26:20.069+0100][gc,metaspace ] GC(0) Metaspace: 15663K->15663K(1062912K)
[2021-03-21T20:26:20.069+0100][gc           ] GC(0) Pause Young (Normal) (G1 Evacuation Pause) 51M->7M(1024M) 24,138ms
[2021-03-21T20:26:20.069+0100][gc,cpu       ] GC(0) User=0,00s Sys=0,08s Real=0,02s
[2021-03-21T20:26:20.375+0100][gc,start     ] GC(1) Pause Young (Concurrent Start) (Metadata GC Threshold)
[2021-03-21T20:26:20.376+0100][gc,task      ] GC(1) Using 4 workers of 4 for evacuation
[2021-03-21T20:26:20.405+0100][gc,mmu       ] GC(1) MMU target violated: 21,0ms (20,0ms/21,0ms)
[2021-03-21T20:26:20.405+0100][gc,phases    ] GC(1)   Pre Evacuate Collection Set: 0,0ms
[2021-03-21T20:26:20.405+0100][gc,phases    ] GC(1)   Evacuate Collection Set: 28,6ms
[2021-03-21T20:26:20.405+0100][gc,phases    ] GC(1)   Post Evacuate Collection Set: 0,4ms
[2021-03-21T20:26:20.405+0100][gc,phases    ] GC(1)   Other: 0,6ms
[2021-03-21T20:26:20.405+0100][gc,heap      ] GC(1) Eden regions: 20->0(50)
[2021-03-21T20:26:20.405+0100][gc,heap      ] GC(1) Survivor regions: 7->1(7)
[2021-03-21T20:26:20.405+0100][gc,heap      ] GC(1) Old regions: 2->9
[2021-03-21T20:26:20.405+0100][gc,heap      ] GC(1) Humongous regions: 0->0
[2021-03-21T20:26:20.405+0100][gc,metaspace ] GC(1) Metaspace: 20520K->20520K(1067008K)
[2021-03-21T20:26:20.405+0100][gc           ] GC(1) Pause Young (Concurrent Start) (Metadata GC Threshold) 26M->8M(1024M) 29,753ms
[2021-03-21T20:26:20.405+0100][gc,cpu       ] GC(1) User=0,00s Sys=0,08s Real=0,03s
[2021-03-21T20:26:20.406+0100][gc           ] GC(2) Concurrent Cycle
[2021-03-21T20:26:20.406+0100][gc,marking   ] GC(2) Concurrent Clear Claimed Marks
[2021-03-21T20:26:20.406+0100][gc,marking   ] GC(2) Concurrent Clear Claimed Marks 0,036ms
[2021-03-21T20:26:20.406+0100][gc,marking   ] GC(2) Concurrent Scan Root Regions
[2021-03-21T20:26:20.407+0100][gc,marking   ] GC(2) Concurrent Scan Root Regions 1,593ms
[2021-03-21T20:26:20.408+0100][gc,marking   ] GC(2) Concurrent Mark (1,820s)
[2021-03-21T20:26:20.408+0100][gc,marking   ] GC(2) Concurrent Mark From Roots
[2021-03-21T20:26:20.408+0100][gc,task      ] GC(2) Using 1 workers of 1 for marking
[2021-03-21T20:26:20.416+0100][gc,marking   ] GC(2) Concurrent Mark From Roots 8,062ms
[2021-03-21T20:26:20.416+0100][gc,marking   ] GC(2) Concurrent Preclean
[2021-03-21T20:26:20.416+0100][gc,marking   ] GC(2) Concurrent Preclean 0,149ms
[2021-03-21T20:26:20.416+0100][gc,marking   ] GC(2) Concurrent Mark (1,820s, 1,828s) 8,258ms
[2021-03-21T20:26:20.416+0100][gc,start     ] GC(2) Pause Remark
[2021-03-21T20:26:20.420+0100][gc,stringtable] GC(2) Cleaned string and symbol table, strings: 5075 processed, 0 removed, symbols: 50296 processed, 42 removed
[2021-03-21T20:26:20.420+0100][gc            ] GC(2) Pause Remark 8M->8M(1024M) 3,918ms
[2021-03-21T20:26:20.420+0100][gc,cpu        ] GC(2) User=0,00s Sys=0,01s Real=0,00s
[2021-03-21T20:26:20.420+0100][gc,marking    ] GC(2) Concurrent Rebuild Remembered Sets
[2021-03-21T20:26:20.424+0100][gc,marking    ] GC(2) Concurrent Rebuild Remembered Sets 3,875ms
[2021-03-21T20:26:20.424+0100][gc,start      ] GC(2) Pause Cleanup
[2021-03-21T20:26:20.425+0100][gc            ] GC(2) Pause Cleanup 9M->9M(1024M) 0,494ms
[2021-03-21T20:26:20.425+0100][gc,cpu        ] GC(2) User=0,00s Sys=0,00s Real=0,00s
[2021-03-21T20:26:20.425+0100][gc,marking    ] GC(2) Concurrent Cleanup for Next Mark
[2021-03-21T20:26:20.527+0100][gc,marking    ] GC(2) Concurrent Cleanup for Next Mark 102,200ms
[2021-03-21T20:26:20.527+0100][gc            ] GC(2) Concurrent Cycle 121,279ms
[2021-03-21T20:26:21.783+0100][gc,start      ] GC(3) Pause Young (Normal) (G1 Evacuation Pause)
[2021-03-21T20:26:21.783+0100][gc,task       ] GC(3) Using 4 workers of 4 for evacuation
[2021-03-21T20:26:21.788+0100][gc,phases     ] GC(3)   Pre Evacuate Collection Set: 0,0ms
[2021-03-21T20:26:21.788+0100][gc,phases     ] GC(3)   Evacuate Collection Set: 4,5ms
[2021-03-21T20:26:21.788+0100][gc,phases     ] GC(3)   Post Evacuate Collection Set: 0,5ms
[2021-03-21T20:26:21.788+0100][gc,phases     ] GC(3)   Other: 0,2ms
[2021-03-21T20:26:21.788+0100][gc,heap       ] GC(3) Eden regions: 50->0(46)
[2021-03-21T20:26:21.788+0100][gc,heap       ] GC(3) Survivor regions: 1->5(7)
[2021-03-21T20:26:21.788+0100][gc,heap       ] GC(3) Old regions: 9->9
[2021-03-21T20:26:21.788+0100][gc,heap       ] GC(3) Humongous regions: 129->129
[2021-03-21T20:26:21.788+0100][gc,metaspace  ] GC(3) Metaspace: 29896K->29896K(1077248K)
[2021-03-21T20:26:21.788+0100][gc            ] GC(3) Pause Young (Normal) (G1 Evacuation Pause) 187M->140M(1024M) 5,331ms
[2021-03-21T20:26:21.788+0100][gc,cpu        ] GC(3) User=0,01s Sys=0,00s Real=0,01s
[2021-03-21T20:26:47.099+0100][gc,start      ] GC(4) Pause Young (Concurrent Start) (Metadata GC Threshold)
[2021-03-21T20:26:47.099+0100][gc,task       ] GC(4) Using 4 workers of 4 for evacuation
[2021-03-21T20:26:47.140+0100][gc,mmu        ] GC(4) MMU target violated: 21,0ms (20,0ms/21,0ms)
[2021-03-21T20:26:47.140+0100][gc,phases     ] GC(4)   Pre Evacuate Collection Set: 0,1ms
[2021-03-21T20:26:47.140+0100][gc,phases     ] GC(4)   Evacuate Collection Set: 37,9ms
[2021-03-21T20:26:47.140+0100][gc,phases     ] GC(4)   Post Evacuate Collection Set: 1,9ms
[2021-03-21T20:26:47.140+0100][gc,phases     ] GC(4)   Other: 0,5ms
[2021-03-21T20:26:47.140+0100][gc,heap       ] GC(4) Eden regions: 22->0(49)
[2021-03-21T20:26:47.140+0100][gc,heap       ] GC(4) Survivor regions: 5->2(7)
[2021-03-21T20:26:47.140+0100][gc,heap       ] GC(4) Old regions: 9->13
[2021-03-21T20:26:47.140+0100][gc,heap       ] GC(4) Humongous regions: 129->129
[2021-03-21T20:26:47.140+0100][gc,metaspace  ] GC(4) Metaspace: 34595K->34595K(1081344K)
[2021-03-21T20:26:47.140+0100][gc            ] GC(4) Pause Young (Concurrent Start) (Metadata GC Threshold) 162M->141M(1024M) 40,474ms
[2021-03-21T20:26:47.140+0100][gc,cpu        ] GC(4) User=0,01s Sys=0,09s Real=0,04s
[2021-03-21T20:26:47.140+0100][gc            ] GC(5) Concurrent Cycle
[2021-03-21T20:26:47.140+0100][gc,marking    ] GC(5) Concurrent Clear Claimed Marks
[2021-03-21T20:26:47.140+0100][gc,marking    ] GC(5) Concurrent Clear Claimed Marks 0,166ms
[2021-03-21T20:26:47.140+0100][gc,marking    ] GC(5) Concurrent Scan Root Regions
[2021-03-21T20:26:47.142+0100][gc,marking    ] GC(5) Concurrent Scan Root Regions 1,898ms
[2021-03-21T20:26:47.142+0100][gc,marking    ] GC(5) Concurrent Mark (28,554s)
[2021-03-21T20:26:47.142+0100][gc,marking    ] GC(5) Concurrent Mark From Roots
[2021-03-21T20:26:47.142+0100][gc,task       ] GC(5) Using 1 workers of 1 for marking
[2021-03-21T20:26:47.167+0100][gc,marking    ] GC(5) Concurrent Mark From Roots 24,980ms
[2021-03-21T20:26:47.167+0100][gc,marking    ] GC(5) Concurrent Preclean
[2021-03-21T20:26:47.167+0100][gc,marking    ] GC(5) Concurrent Preclean 0,093ms
[2021-03-21T20:26:47.167+0100][gc,marking    ] GC(5) Concurrent Mark (28,554s, 28,580s) 25,190ms
[2021-03-21T20:26:47.167+0100][gc,start      ] GC(5) Pause Remark
[2021-03-21T20:26:47.170+0100][gc,stringtable] GC(5) Cleaned string and symbol table, strings: 10113 processed, 11 removed, symbols: 79899 processed, 8 removed
[2021-03-21T20:26:47.171+0100][gc            ] GC(5) Pause Remark 142M->142M(1024M) 3,151ms
[2021-03-21T20:26:47.171+0100][gc,cpu        ] GC(5) User=0,01s Sys=0,00s Real=0,00s
[2021-03-21T20:26:47.171+0100][gc,marking    ] GC(5) Concurrent Rebuild Remembered Sets
[2021-03-21T20:26:47.181+0100][gc,marking    ] GC(5) Concurrent Rebuild Remembered Sets 10,689ms
[2021-03-21T20:26:47.182+0100][gc,start      ] GC(5) Pause Cleanup
[2021-03-21T20:26:47.182+0100][gc            ] GC(5) Pause Cleanup 142M->142M(1024M) 0,258ms
[2021-03-21T20:26:47.182+0100][gc,cpu        ] GC(5) User=0,00s Sys=0,00s Real=0,00s
[2021-03-21T20:26:47.182+0100][gc,marking    ] GC(5) Concurrent Cleanup for Next Mark
[2021-03-21T20:26:47.299+0100][gc,marking    ] GC(5) Concurrent Cleanup for Next Mark 117,071ms
[2021-03-21T20:26:47.299+0100][gc            ] GC(5) Concurrent Cycle 159,336ms
[2021-03-21T20:30:36.207+0100][gc,start      ] GC(6) Pause Young (Normal) (G1 Evacuation Pause)
[2021-03-21T20:30:36.207+0100][gc,task       ] GC(6) Using 4 workers of 4 for evacuation
[2021-03-21T20:30:36.228+0100][gc,mmu        ] GC(6) MMU target violated: 20,6ms (20,0ms/21,0ms)
[2021-03-21T20:30:36.228+0100][gc,phases     ] GC(6)   Pre Evacuate Collection Set: 0,3ms
[2021-03-21T20:30:36.228+0100][gc,phases     ] GC(6)   Evacuate Collection Set: 17,7ms
[2021-03-21T20:30:36.228+0100][gc,phases     ] GC(6)   Post Evacuate Collection Set: 2,2ms
[2021-03-21T20:30:36.228+0100][gc,phases     ] GC(6)   Other: 0,9ms
[2021-03-21T20:30:36.228+0100][gc,heap       ] GC(6) Eden regions: 49->0(47)
[2021-03-21T20:30:36.228+0100][gc,heap       ] GC(6) Survivor regions: 2->4(7)
[2021-03-21T20:30:36.228+0100][gc,heap       ] GC(6) Old regions: 13->13
[2021-03-21T20:30:36.228+0100][gc,heap       ] GC(6) Humongous regions: 129->129
[2021-03-21T20:30:36.228+0100][gc,metaspace  ] GC(6) Metaspace: 40053K->40053K(1085440K)
[2021-03-21T20:30:36.228+0100][gc            ] GC(6) Pause Young (Normal) (G1 Evacuation Pause) 190M->144M(1024M) 21,225ms
[2021-03-21T20:30:36.228+0100][gc,cpu        ] GC(6) User=0,05s Sys=0,00s Real=0,02s
