[2021-03-21T18:11:49.110+0100][gc,heap] Heap region size: 1M
[2021-03-21T18:11:49.118+0100][gc     ] Using G1
[2021-03-21T18:11:49.118+0100][gc,heap,coops] Heap address: 0x00000000c0000000, size: 1024 MB, Compressed Oops mode: 32-bit
[2021-03-21T18:11:49.118+0100][gc,cds       ] Mark closed archive regions in map: [0x00000000fff00000, 0x00000000fff6aff8]
[2021-03-21T18:11:49.118+0100][gc,cds       ] Mark open archive regions in map: [0x00000000ffe00000, 0x00000000ffe46ff8]
[2021-03-21T18:11:51.272+0100][gc,start     ] GC(0) Pause Young (Normal) (G1 Evacuation Pause)
[2021-03-21T18:11:51.273+0100][gc,task      ] GC(0) Using 4 workers of 4 for evacuation
[2021-03-21T18:11:51.297+0100][gc,mmu       ] GC(0) MMU target violated: 21,0ms (20,0ms/21,0ms)
[2021-03-21T18:11:51.297+0100][gc,phases    ] GC(0)   Pre Evacuate Collection Set: 0,0ms
[2021-03-21T18:11:51.297+0100][gc,phases    ] GC(0)   Evacuate Collection Set: 23,2ms
[2021-03-21T18:11:51.297+0100][gc,phases    ] GC(0)   Post Evacuate Collection Set: 0,7ms
[2021-03-21T18:11:51.297+0100][gc,phases    ] GC(0)   Other: 1,3ms
[2021-03-21T18:11:51.297+0100][gc,heap      ] GC(0) Eden regions: 51->0(44)
[2021-03-21T18:11:51.297+0100][gc,heap      ] GC(0) Survivor regions: 0->7(7)
[2021-03-21T18:11:51.297+0100][gc,heap      ] GC(0) Old regions: 2->2
[2021-03-21T18:11:51.297+0100][gc,heap      ] GC(0) Humongous regions: 0->0
[2021-03-21T18:11:51.297+0100][gc,metaspace ] GC(0) Metaspace: 15338K->15338K(1062912K)
[2021-03-21T18:11:51.297+0100][gc           ] GC(0) Pause Young (Normal) (G1 Evacuation Pause) 51M->6M(1024M) 25,249ms
[2021-03-21T18:11:51.297+0100][gc,cpu       ] GC(0) User=0,01s Sys=0,06s Real=0,03s
[2021-03-21T18:11:51.901+0100][gc,start     ] GC(1) Pause Young (Concurrent Start) (Metadata GC Threshold)
[2021-03-21T18:11:51.901+0100][gc,task      ] GC(1) Using 4 workers of 4 for evacuation
[2021-03-21T18:11:51.929+0100][gc,mmu       ] GC(1) MMU target violated: 21,0ms (20,0ms/21,0ms)
[2021-03-21T18:11:51.929+0100][gc,phases    ] GC(1)   Pre Evacuate Collection Set: 0,0ms
[2021-03-21T18:11:51.929+0100][gc,phases    ] GC(1)   Evacuate Collection Set: 26,8ms
[2021-03-21T18:11:51.929+0100][gc,phases    ] GC(1)   Post Evacuate Collection Set: 0,5ms
[2021-03-21T18:11:51.929+0100][gc,phases    ] GC(1)   Other: 0,7ms
[2021-03-21T18:11:51.929+0100][gc,heap      ] GC(1) Eden regions: 22->0(50)
[2021-03-21T18:11:51.929+0100][gc,heap      ] GC(1) Survivor regions: 7->1(7)
[2021-03-21T18:11:51.929+0100][gc,heap      ] GC(1) Old regions: 2->9
[2021-03-21T18:11:51.929+0100][gc,heap      ] GC(1) Humongous regions: 0->0
[2021-03-21T18:11:51.929+0100][gc,metaspace ] GC(1) Metaspace: 20515K->20515K(1067008K)
[2021-03-21T18:11:51.929+0100][gc           ] GC(1) Pause Young (Concurrent Start) (Metadata GC Threshold) 28M->7M(1024M) 28,052ms
[2021-03-21T18:11:51.929+0100][gc,cpu       ] GC(1) User=0,01s Sys=0,05s Real=0,03s
[2021-03-21T18:11:51.929+0100][gc           ] GC(2) Concurrent Cycle
[2021-03-21T18:11:51.929+0100][gc,marking   ] GC(2) Concurrent Clear Claimed Marks
[2021-03-21T18:11:51.929+0100][gc,marking   ] GC(2) Concurrent Clear Claimed Marks 0,037ms
[2021-03-21T18:11:51.929+0100][gc,marking   ] GC(2) Concurrent Scan Root Regions
[2021-03-21T18:11:51.930+0100][gc,marking   ] GC(2) Concurrent Scan Root Regions 1,205ms
[2021-03-21T18:11:51.930+0100][gc,marking   ] GC(2) Concurrent Mark (2,823s)
[2021-03-21T18:11:51.930+0100][gc,marking   ] GC(2) Concurrent Mark From Roots
[2021-03-21T18:11:51.930+0100][gc,task      ] GC(2) Using 1 workers of 1 for marking
[2021-03-21T18:11:51.939+0100][gc,marking   ] GC(2) Concurrent Mark From Roots 8,895ms
[2021-03-21T18:11:51.939+0100][gc,marking   ] GC(2) Concurrent Preclean
[2021-03-21T18:11:51.939+0100][gc,marking   ] GC(2) Concurrent Preclean 0,112ms
[2021-03-21T18:11:51.939+0100][gc,marking   ] GC(2) Concurrent Mark (2,823s, 2,832s) 9,051ms
[2021-03-21T18:11:51.940+0100][gc,start     ] GC(2) Pause Remark
[2021-03-21T18:11:51.941+0100][gc,stringtable] GC(2) Cleaned string and symbol table, strings: 5077 processed, 0 removed, symbols: 50303 processed, 42 removed
[2021-03-21T18:11:51.941+0100][gc            ] GC(2) Pause Remark 8M->8M(1024M) 1,779ms
[2021-03-21T18:11:51.941+0100][gc,cpu        ] GC(2) User=0,00s Sys=0,00s Real=0,00s
[2021-03-21T18:11:51.941+0100][gc,marking    ] GC(2) Concurrent Rebuild Remembered Sets
[2021-03-21T18:11:51.946+0100][gc,marking    ] GC(2) Concurrent Rebuild Remembered Sets 4,433ms
[2021-03-21T18:11:51.946+0100][gc,start      ] GC(2) Pause Cleanup
[2021-03-21T18:11:51.946+0100][gc            ] GC(2) Pause Cleanup 8M->8M(1024M) 0,350ms
[2021-03-21T18:11:51.946+0100][gc,cpu        ] GC(2) User=0,00s Sys=0,00s Real=0,00s
[2021-03-21T18:11:51.947+0100][gc,marking    ] GC(2) Concurrent Cleanup for Next Mark
[2021-03-21T18:11:52.048+0100][gc,marking    ] GC(2) Concurrent Cleanup for Next Mark 101,835ms
[2021-03-21T18:11:52.048+0100][gc            ] GC(2) Concurrent Cycle 119,505ms
[2021-03-21T18:11:53.564+0100][gc,start      ] GC(3) Pause Young (Normal) (G1 Evacuation Pause)
[2021-03-21T18:11:53.564+0100][gc,task       ] GC(3) Using 4 workers of 4 for evacuation
[2021-03-21T18:11:53.568+0100][gc,phases     ] GC(3)   Pre Evacuate Collection Set: 0,0ms
[2021-03-21T18:11:53.568+0100][gc,phases     ] GC(3)   Evacuate Collection Set: 3,1ms
[2021-03-21T18:11:53.568+0100][gc,phases     ] GC(3)   Post Evacuate Collection Set: 0,5ms
[2021-03-21T18:11:53.568+0100][gc,phases     ] GC(3)   Other: 0,1ms
[2021-03-21T18:11:53.568+0100][gc,heap       ] GC(3) Eden regions: 50->0(46)
[2021-03-21T18:11:53.568+0100][gc,heap       ] GC(3) Survivor regions: 1->5(7)
[2021-03-21T18:11:53.568+0100][gc,heap       ] GC(3) Old regions: 9->9
[2021-03-21T18:11:53.568+0100][gc,heap       ] GC(3) Humongous regions: 129->129
[2021-03-21T18:11:53.568+0100][gc,metaspace  ] GC(3) Metaspace: 29835K->29835K(1077248K)
[2021-03-21T18:11:53.568+0100][gc            ] GC(3) Pause Young (Normal) (G1 Evacuation Pause) 186M->140M(1024M) 3,870ms
[2021-03-21T18:11:53.568+0100][gc,cpu        ] GC(3) User=0,01s Sys=0,01s Real=0,01s
[2021-03-21T18:12:18.897+0100][gc,start      ] GC(4) Pause Young (Concurrent Start) (Metadata GC Threshold)
[2021-03-21T18:12:18.897+0100][gc,task       ] GC(4) Using 4 workers of 4 for evacuation
[2021-03-21T18:12:18.933+0100][gc,mmu        ] GC(4) MMU target violated: 21,0ms (20,0ms/21,0ms)
[2021-03-21T18:12:18.933+0100][gc,phases     ] GC(4)   Pre Evacuate Collection Set: 0,2ms
[2021-03-21T18:12:18.933+0100][gc,phases     ] GC(4)   Evacuate Collection Set: 33,9ms
[2021-03-21T18:12:18.933+0100][gc,phases     ] GC(4)   Post Evacuate Collection Set: 0,7ms
[2021-03-21T18:12:18.933+0100][gc,phases     ] GC(4)   Other: 0,9ms
[2021-03-21T18:12:18.933+0100][gc,heap       ] GC(4) Eden regions: 22->0(49)
[2021-03-21T18:12:18.933+0100][gc,heap       ] GC(4) Survivor regions: 5->2(7)
[2021-03-21T18:12:18.933+0100][gc,heap       ] GC(4) Old regions: 9->13
[2021-03-21T18:12:18.933+0100][gc,heap       ] GC(4) Humongous regions: 129->129
[2021-03-21T18:12:18.933+0100][gc,metaspace  ] GC(4) Metaspace: 34604K->34604K(1081344K)
[2021-03-21T18:12:18.933+0100][gc            ] GC(4) Pause Young (Concurrent Start) (Metadata GC Threshold) 162M->142M(1024M) 35,776ms
[2021-03-21T18:12:18.933+0100][gc,cpu        ] GC(4) User=0,09s Sys=0,01s Real=0,03s
[2021-03-21T18:12:18.933+0100][gc            ] GC(5) Concurrent Cycle
[2021-03-21T18:12:18.933+0100][gc,marking    ] GC(5) Concurrent Clear Claimed Marks
[2021-03-21T18:12:18.934+0100][gc,marking    ] GC(5) Concurrent Clear Claimed Marks 0,243ms
[2021-03-21T18:12:18.934+0100][gc,marking    ] GC(5) Concurrent Scan Root Regions
[2021-03-21T18:12:18.936+0100][gc,marking    ] GC(5) Concurrent Scan Root Regions 2,358ms
[2021-03-21T18:12:18.936+0100][gc,marking    ] GC(5) Concurrent Mark (29,829s)
[2021-03-21T18:12:18.936+0100][gc,marking    ] GC(5) Concurrent Mark From Roots
[2021-03-21T18:12:18.936+0100][gc,task       ] GC(5) Using 1 workers of 1 for marking
[2021-03-21T18:12:18.958+0100][gc,marking    ] GC(5) Concurrent Mark From Roots 21,930ms
[2021-03-21T18:12:18.958+0100][gc,marking    ] GC(5) Concurrent Preclean
[2021-03-21T18:12:18.958+0100][gc,marking    ] GC(5) Concurrent Preclean 0,072ms
[2021-03-21T18:12:18.958+0100][gc,marking    ] GC(5) Concurrent Mark (29,829s, 29,851s) 22,073ms
[2021-03-21T18:12:18.958+0100][gc,start      ] GC(5) Pause Remark
[2021-03-21T18:12:18.960+0100][gc,stringtable] GC(5) Cleaned string and symbol table, strings: 10092 processed, 11 removed, symbols: 79899 processed, 8 removed
[2021-03-21T18:12:18.960+0100][gc            ] GC(5) Pause Remark 142M->142M(1024M) 2,089ms
[2021-03-21T18:12:18.960+0100][gc,cpu        ] GC(5) User=0,01s Sys=0,00s Real=0,00s
[2021-03-21T18:12:18.960+0100][gc,marking    ] GC(5) Concurrent Rebuild Remembered Sets
[2021-03-21T18:12:18.968+0100][gc,marking    ] GC(5) Concurrent Rebuild Remembered Sets 7,921ms
[2021-03-21T18:12:18.969+0100][gc,start      ] GC(5) Pause Cleanup
[2021-03-21T18:12:18.969+0100][gc            ] GC(5) Pause Cleanup 142M->142M(1024M) 0,165ms
[2021-03-21T18:12:18.969+0100][gc,cpu        ] GC(5) User=0,01s Sys=0,00s Real=0,00s
[2021-03-21T18:12:18.969+0100][gc,marking    ] GC(5) Concurrent Cleanup for Next Mark
[2021-03-21T18:12:18.977+0100][gc,marking    ] GC(5) Concurrent Cleanup for Next Mark 7,726ms
[2021-03-21T18:12:18.977+0100][gc            ] GC(5) Concurrent Cycle 43,432ms
[2021-03-21T18:17:34.754+0100][gc,start      ] GC(6) Pause Young (Normal) (G1 Evacuation Pause)
[2021-03-21T18:17:34.755+0100][gc,task       ] GC(6) Using 4 workers of 4 for evacuation
[2021-03-21T18:17:34.759+0100][gc,phases     ] GC(6)   Pre Evacuate Collection Set: 0,1ms
[2021-03-21T18:17:34.759+0100][gc,phases     ] GC(6)   Evacuate Collection Set: 4,0ms
[2021-03-21T18:17:34.759+0100][gc,phases     ] GC(6)   Post Evacuate Collection Set: 0,5ms
[2021-03-21T18:17:34.759+0100][gc,phases     ] GC(6)   Other: 0,2ms
[2021-03-21T18:17:34.759+0100][gc,heap       ] GC(6) Eden regions: 49->0(47)
[2021-03-21T18:17:34.759+0100][gc,heap       ] GC(6) Survivor regions: 2->4(7)
[2021-03-21T18:17:34.759+0100][gc,heap       ] GC(6) Old regions: 13->13
[2021-03-21T18:17:34.759+0100][gc,heap       ] GC(6) Humongous regions: 129->129
[2021-03-21T18:17:34.759+0100][gc,metaspace  ] GC(6) Metaspace: 39608K->39608K(1085440K)
[2021-03-21T18:17:34.759+0100][gc            ] GC(6) Pause Young (Normal) (G1 Evacuation Pause) 191M->144M(1024M) 4,900ms
[2021-03-21T18:17:34.759+0100][gc,cpu        ] GC(6) User=0,01s Sys=0,00s Real=0,01s
[2021-03-21T18:20:02.216+0100][gc,heap,exit  ] Heap
[2021-03-21T18:20:02.216+0100][gc,heap,exit  ]  garbage-first heap   total 1048576K, used 178275K [0x00000000c0000000, 0x0000000100000000)
[2021-03-21T18:20:02.216+0100][gc,heap,exit  ]   region size 1024K, 36 young (36864K), 4 survivors (4096K)
[2021-03-21T18:20:02.216+0100][gc,heap,exit  ]  Metaspace       used 41188K, capacity 43347K, committed 43648K, reserved 1087488K
[2021-03-21T18:20:02.216+0100][gc,heap,exit  ]   class space    used 5130K, capacity 6161K, committed 6272K, reserved 1048576K
