[2021-03-20T18:42:16.436+0100][gc,heap] Heap region size: 1M
[2021-03-20T18:42:16.444+0100][gc     ] Using G1
[2021-03-20T18:42:16.444+0100][gc,heap,coops] Heap address: 0x00000000c0000000, size: 1024 MB, Compressed Oops mode: 32-bit
[2021-03-20T18:42:16.445+0100][gc,cds       ] Mark closed archive regions in map: [0x00000000fff00000, 0x00000000fff6aff8]
[2021-03-20T18:42:16.445+0100][gc,cds       ] Mark open archive regions in map: [0x00000000ffe00000, 0x00000000ffe46ff8]
[2021-03-20T18:42:17.416+0100][gc,start     ] GC(0) Pause Young (Normal) (G1 Evacuation Pause)
[2021-03-20T18:42:17.417+0100][gc,task      ] GC(0) Using 4 workers of 4 for evacuation
[2021-03-20T18:42:17.574+0100][gc,mmu       ] GC(0) MMU target violated: 21,0ms (20,0ms/21,0ms)
[2021-03-20T18:42:17.575+0100][gc,phases    ] GC(0)   Pre Evacuate Collection Set: 0,0ms
[2021-03-20T18:42:17.575+0100][gc,phases    ] GC(0)   Evacuate Collection Set: 156,0ms
[2021-03-20T18:42:17.575+0100][gc,phases    ] GC(0)   Post Evacuate Collection Set: 0,9ms
[2021-03-20T18:42:17.575+0100][gc,phases    ] GC(0)   Other: 1,8ms
[2021-03-20T18:42:17.575+0100][gc,heap      ] GC(0) Eden regions: 51->0(44)
[2021-03-20T18:42:17.575+0100][gc,heap      ] GC(0) Survivor regions: 0->7(7)
[2021-03-20T18:42:17.575+0100][gc,heap      ] GC(0) Old regions: 2->2
[2021-03-20T18:42:17.575+0100][gc,heap      ] GC(0) Humongous regions: 0->0
[2021-03-20T18:42:17.575+0100][gc,metaspace ] GC(0) Metaspace: 15629K->15629K(1062912K)
[2021-03-20T18:42:17.575+0100][gc           ] GC(0) Pause Young (Normal) (G1 Evacuation Pause) 51M->7M(1024M) 158,772ms
[2021-03-20T18:42:17.575+0100][gc,cpu       ] GC(0) User=0,01s Sys=0,57s Real=0,16s
[2021-03-20T18:42:17.977+0100][gc,start     ] GC(1) Pause Young (Concurrent Start) (Metadata GC Threshold)
[2021-03-20T18:42:17.977+0100][gc,task      ] GC(1) Using 4 workers of 4 for evacuation
[2021-03-20T18:42:18.116+0100][gc,mmu       ] GC(1) MMU target violated: 21,0ms (20,0ms/21,0ms)
[2021-03-20T18:42:18.117+0100][gc,phases    ] GC(1)   Pre Evacuate Collection Set: 0,1ms
[2021-03-20T18:42:18.117+0100][gc,phases    ] GC(1)   Evacuate Collection Set: 124,1ms
[2021-03-20T18:42:18.117+0100][gc,phases    ] GC(1)   Post Evacuate Collection Set: 0,6ms
[2021-03-20T18:42:18.117+0100][gc,phases    ] GC(1)   Other: 14,5ms
[2021-03-20T18:42:18.117+0100][gc,heap      ] GC(1) Eden regions: 20->0(50)
[2021-03-20T18:42:18.117+0100][gc,heap      ] GC(1) Survivor regions: 7->1(7)
[2021-03-20T18:42:18.117+0100][gc,heap      ] GC(1) Old regions: 2->9
[2021-03-20T18:42:18.117+0100][gc,heap      ] GC(1) Humongous regions: 0->0
[2021-03-20T18:42:18.117+0100][gc,metaspace ] GC(1) Metaspace: 20589K->20589K(1067008K)
[2021-03-20T18:42:18.117+0100][gc           ] GC(1) Pause Young (Concurrent Start) (Metadata GC Threshold) 27M->7M(1024M) 139,306ms
[2021-03-20T18:42:18.117+0100][gc,cpu       ] GC(1) User=0,01s Sys=0,34s Real=0,13s
[2021-03-20T18:42:18.117+0100][gc           ] GC(2) Concurrent Cycle
[2021-03-20T18:42:18.117+0100][gc,marking   ] GC(2) Concurrent Clear Claimed Marks
[2021-03-20T18:42:18.117+0100][gc,marking   ] GC(2) Concurrent Clear Claimed Marks 0,048ms
[2021-03-20T18:42:18.117+0100][gc,marking   ] GC(2) Concurrent Scan Root Regions
[2021-03-20T18:42:18.119+0100][gc,marking   ] GC(2) Concurrent Scan Root Regions 1,679ms
[2021-03-20T18:42:18.119+0100][gc,marking   ] GC(2) Concurrent Mark (1,686s)
[2021-03-20T18:42:18.119+0100][gc,marking   ] GC(2) Concurrent Mark From Roots
[2021-03-20T18:42:18.119+0100][gc,task      ] GC(2) Using 1 workers of 1 for marking
[2021-03-20T18:42:18.136+0100][gc,marking   ] GC(2) Concurrent Mark From Roots 16,630ms
[2021-03-20T18:42:18.136+0100][gc,marking   ] GC(2) Concurrent Preclean
[2021-03-20T18:42:18.137+0100][gc,marking   ] GC(2) Concurrent Preclean 0,776ms
[2021-03-20T18:42:18.137+0100][gc,marking   ] GC(2) Concurrent Mark (1,686s, 1,703s) 17,495ms
[2021-03-20T18:42:18.137+0100][gc,start     ] GC(2) Pause Remark
[2021-03-20T18:42:18.139+0100][gc,stringtable] GC(2) Cleaned string and symbol table, strings: 5028 processed, 0 removed, symbols: 50467 processed, 39 removed
[2021-03-20T18:42:18.139+0100][gc            ] GC(2) Pause Remark 8M->8M(1024M) 2,670ms
[2021-03-20T18:42:18.139+0100][gc,cpu        ] GC(2) User=0,00s Sys=0,00s Real=0,01s
[2021-03-20T18:42:18.140+0100][gc,marking    ] GC(2) Concurrent Rebuild Remembered Sets
[2021-03-20T18:42:18.154+0100][gc,marking    ] GC(2) Concurrent Rebuild Remembered Sets 14,783ms
[2021-03-20T18:42:18.155+0100][gc,start      ] GC(2) Pause Cleanup
[2021-03-20T18:42:18.159+0100][gc            ] GC(2) Pause Cleanup 8M->8M(1024M) 4,348ms
[2021-03-20T18:42:18.159+0100][gc,cpu        ] GC(2) User=0,00s Sys=0,01s Real=0,01s
[2021-03-20T18:42:18.159+0100][gc,marking    ] GC(2) Concurrent Cleanup for Next Mark
[2021-03-20T18:42:18.750+0100][gc,marking    ] GC(2) Concurrent Cleanup for Next Mark 591,292ms
[2021-03-20T18:42:18.750+0100][gc            ] GC(2) Concurrent Cycle 633,568ms
[2021-03-20T18:42:22.718+0100][gc,start      ] GC(3) Pause Young (Normal) (G1 Evacuation Pause)
[2021-03-20T18:42:22.718+0100][gc,task       ] GC(3) Using 4 workers of 4 for evacuation
[2021-03-20T18:42:22.723+0100][gc,phases     ] GC(3)   Pre Evacuate Collection Set: 0,0ms
[2021-03-20T18:42:22.723+0100][gc,phases     ] GC(3)   Evacuate Collection Set: 4,4ms
[2021-03-20T18:42:22.723+0100][gc,phases     ] GC(3)   Post Evacuate Collection Set: 0,6ms
[2021-03-20T18:42:22.723+0100][gc,phases     ] GC(3)   Other: 0,3ms
[2021-03-20T18:42:22.723+0100][gc,heap       ] GC(3) Eden regions: 50->0(46)
[2021-03-20T18:42:22.723+0100][gc,heap       ] GC(3) Survivor regions: 1->5(7)
[2021-03-20T18:42:22.723+0100][gc,heap       ] GC(3) Old regions: 9->9
[2021-03-20T18:42:22.723+0100][gc,heap       ] GC(3) Humongous regions: 129->129
[2021-03-20T18:42:22.723+0100][gc,metaspace  ] GC(3) Metaspace: 29896K->29896K(1077248K)
[2021-03-20T18:42:22.723+0100][gc            ] GC(3) Pause Young (Normal) (G1 Evacuation Pause) 186M->140M(1024M) 5,399ms
[2021-03-20T18:42:22.723+0100][gc,cpu        ] GC(3) User=0,02s Sys=0,00s Real=0,00s
[2021-03-20T18:42:48.219+0100][gc,start      ] GC(4) Pause Young (Concurrent Start) (Metadata GC Threshold)
[2021-03-20T18:42:48.219+0100][gc,task       ] GC(4) Using 4 workers of 4 for evacuation
[2021-03-20T18:42:48.248+0100][gc,mmu        ] GC(4) MMU target violated: 21,0ms (20,0ms/21,0ms)
[2021-03-20T18:42:48.248+0100][gc,phases     ] GC(4)   Pre Evacuate Collection Set: 0,2ms
[2021-03-20T18:42:48.248+0100][gc,phases     ] GC(4)   Evacuate Collection Set: 26,6ms
[2021-03-20T18:42:48.248+0100][gc,phases     ] GC(4)   Post Evacuate Collection Set: 1,5ms
[2021-03-20T18:42:48.248+0100][gc,phases     ] GC(4)   Other: 0,7ms
[2021-03-20T18:42:48.248+0100][gc,heap       ] GC(4) Eden regions: 22->0(49)
[2021-03-20T18:42:48.248+0100][gc,heap       ] GC(4) Survivor regions: 5->2(7)
[2021-03-20T18:42:48.248+0100][gc,heap       ] GC(4) Old regions: 9->13
[2021-03-20T18:42:48.248+0100][gc,heap       ] GC(4) Humongous regions: 129->129
[2021-03-20T18:42:48.248+0100][gc,metaspace  ] GC(4) Metaspace: 34621K->34621K(1081344K)
[2021-03-20T18:42:48.248+0100][gc            ] GC(4) Pause Young (Concurrent Start) (Metadata GC Threshold) 162M->142M(1024M) 29,199ms
[2021-03-20T18:42:48.248+0100][gc,cpu        ] GC(4) User=0,06s Sys=0,02s Real=0,02s
[2021-03-20T18:42:48.249+0100][gc            ] GC(5) Concurrent Cycle
[2021-03-20T18:42:48.249+0100][gc,marking    ] GC(5) Concurrent Clear Claimed Marks
[2021-03-20T18:42:48.249+0100][gc,marking    ] GC(5) Concurrent Clear Claimed Marks 0,141ms
[2021-03-20T18:42:48.249+0100][gc,marking    ] GC(5) Concurrent Scan Root Regions
[2021-03-20T18:42:48.251+0100][gc,marking    ] GC(5) Concurrent Scan Root Regions 2,015ms
[2021-03-20T18:42:48.251+0100][gc,marking    ] GC(5) Concurrent Mark (31,817s)
[2021-03-20T18:42:48.251+0100][gc,marking    ] GC(5) Concurrent Mark From Roots
[2021-03-20T18:42:48.251+0100][gc,task       ] GC(5) Using 1 workers of 1 for marking
[2021-03-20T18:42:48.279+0100][gc,marking    ] GC(5) Concurrent Mark From Roots 28,235ms
[2021-03-20T18:42:48.279+0100][gc,marking    ] GC(5) Concurrent Preclean
[2021-03-20T18:42:48.279+0100][gc,marking    ] GC(5) Concurrent Preclean 0,070ms
[2021-03-20T18:42:48.279+0100][gc,marking    ] GC(5) Concurrent Mark (31,817s, 31,846s) 28,375ms
[2021-03-20T18:42:48.279+0100][gc,start      ] GC(5) Pause Remark
[2021-03-20T18:42:48.281+0100][gc,stringtable] GC(5) Cleaned string and symbol table, strings: 10079 processed, 11 removed, symbols: 80954 processed, 9 removed
[2021-03-20T18:42:48.281+0100][gc            ] GC(5) Pause Remark 143M->143M(1024M) 2,070ms
[2021-03-20T18:42:48.281+0100][gc,cpu        ] GC(5) User=0,00s Sys=0,00s Real=0,00s
[2021-03-20T18:42:48.282+0100][gc,marking    ] GC(5) Concurrent Rebuild Remembered Sets
[2021-03-20T18:42:48.289+0100][gc,marking    ] GC(5) Concurrent Rebuild Remembered Sets 7,726ms
[2021-03-20T18:42:48.290+0100][gc,start      ] GC(5) Pause Cleanup
[2021-03-20T18:42:48.290+0100][gc            ] GC(5) Pause Cleanup 143M->143M(1024M) 0,159ms
[2021-03-20T18:42:48.290+0100][gc,cpu        ] GC(5) User=0,00s Sys=0,00s Real=0,00s
[2021-03-20T18:42:48.290+0100][gc,marking    ] GC(5) Concurrent Cleanup for Next Mark
[2021-03-20T18:42:48.413+0100][gc,marking    ] GC(5) Concurrent Cleanup for Next Mark 123,600ms
[2021-03-20T18:42:48.413+0100][gc            ] GC(5) Concurrent Cycle 164,799ms
[2021-03-20T18:56:22.778+0100][gc,start      ] GC(6) Pause Young (Normal) (G1 Evacuation Pause)
[2021-03-20T18:56:22.778+0100][gc,task       ] GC(6) Using 4 workers of 4 for evacuation
[2021-03-20T18:56:22.793+0100][gc,phases     ] GC(6)   Pre Evacuate Collection Set: 0,1ms
[2021-03-20T18:56:22.793+0100][gc,phases     ] GC(6)   Evacuate Collection Set: 13,3ms
[2021-03-20T18:56:22.793+0100][gc,phases     ] GC(6)   Post Evacuate Collection Set: 0,9ms
[2021-03-20T18:56:22.793+0100][gc,phases     ] GC(6)   Other: 0,3ms
[2021-03-20T18:56:22.793+0100][gc,heap       ] GC(6) Eden regions: 49->0(47)
[2021-03-20T18:56:22.793+0100][gc,heap       ] GC(6) Survivor regions: 2->4(7)
[2021-03-20T18:56:22.793+0100][gc,heap       ] GC(6) Old regions: 13->13
[2021-03-20T18:56:22.793+0100][gc,heap       ] GC(6) Humongous regions: 129->129
[2021-03-20T18:56:22.793+0100][gc,metaspace  ] GC(6) Metaspace: 39999K->39999K(1085440K)
[2021-03-20T18:56:22.793+0100][gc            ] GC(6) Pause Young (Normal) (G1 Evacuation Pause) 191M->144M(1024M) 14,705ms
[2021-03-20T18:56:22.793+0100][gc,cpu        ] GC(6) User=0,02s Sys=0,01s Real=0,01s
[2021-03-20T19:15:14.572+0100][gc,start      ] GC(7) Pause Young (Normal) (G1 Evacuation Pause)
[2021-03-20T19:15:14.572+0100][gc,task       ] GC(7) Using 4 workers of 4 for evacuation
[2021-03-20T19:15:14.597+0100][gc,mmu        ] GC(7) MMU target violated: 21,0ms (20,0ms/21,0ms)
[2021-03-20T19:15:14.598+0100][gc,phases     ] GC(7)   Pre Evacuate Collection Set: 1,0ms
[2021-03-20T19:15:14.599+0100][gc,phases     ] GC(7)   Evacuate Collection Set: 21,1ms
[2021-03-20T19:15:14.599+0100][gc,phases     ] GC(7)   Post Evacuate Collection Set: 2,0ms
[2021-03-20T19:15:14.599+0100][gc,phases     ] GC(7)   Other: 1,4ms
[2021-03-20T19:15:14.599+0100][gc,heap       ] GC(7) Eden regions: 47->0(46)
[2021-03-20T19:15:14.599+0100][gc,heap       ] GC(7) Survivor regions: 4->5(7)
[2021-03-20T19:15:14.599+0100][gc,heap       ] GC(7) Old regions: 13->13
[2021-03-20T19:15:14.599+0100][gc,heap       ] GC(7) Humongous regions: 129->129
[2021-03-20T19:15:14.599+0100][gc,metaspace  ] GC(7) Metaspace: 41051K->41051K(1087488K)
[2021-03-20T19:15:14.599+0100][gc            ] GC(7) Pause Young (Normal) (G1 Evacuation Pause) 191M->144M(1024M) 26,949ms
[2021-03-20T19:15:14.599+0100][gc,cpu        ] GC(7) User=0,06s Sys=0,00s Real=0,03s
[2021-03-20T19:18:16.296+0100][gc,heap,exit  ] Heap
[2021-03-20T19:18:16.296+0100][gc,heap,exit  ]  garbage-first heap   total 1048576K, used 175036K [0x00000000c0000000, 0x0000000100000000)
[2021-03-20T19:18:16.296+0100][gc,heap,exit  ]   region size 1024K, 33 young (33792K), 5 survivors (5120K)
[2021-03-20T19:18:16.296+0100][gc,heap,exit  ]  Metaspace       used 42326K, capacity 44567K, committed 44800K, reserved 1087488K
[2021-03-20T19:18:16.296+0100][gc,heap,exit  ]   class space    used 5212K, capacity 6290K, committed 6400K, reserved 1048576K
