[2021-03-20T18:40:30.664+0100][gc,heap] Heap region size: 1M
[2021-03-20T18:40:30.677+0100][gc     ] Using G1
[2021-03-20T18:40:30.677+0100][gc,heap,coops] Heap address: 0x00000000c0000000, size: 1024 MB, Compressed Oops mode: 32-bit
[2021-03-20T18:40:30.678+0100][gc,cds       ] Mark closed archive regions in map: [0x00000000fff00000, 0x00000000fff6aff8]
[2021-03-20T18:40:30.678+0100][gc,cds       ] Mark open archive regions in map: [0x00000000ffe00000, 0x00000000ffe46ff8]
[2021-03-20T18:40:35.513+0100][gc,start     ] GC(0) Pause Young (Normal) (G1 Evacuation Pause)
[2021-03-20T18:40:35.514+0100][gc,task      ] GC(0) Using 4 workers of 4 for evacuation
[2021-03-20T18:40:35.697+0100][gc,mmu       ] GC(0) MMU target violated: 21,0ms (20,0ms/21,0ms)
[2021-03-20T18:40:35.697+0100][gc,phases    ] GC(0)   Pre Evacuate Collection Set: 0,0ms
[2021-03-20T18:40:35.697+0100][gc,phases    ] GC(0)   Evacuate Collection Set: 181,2ms
[2021-03-20T18:40:35.697+0100][gc,phases    ] GC(0)   Post Evacuate Collection Set: 0,9ms
[2021-03-20T18:40:35.697+0100][gc,phases    ] GC(0)   Other: 1,4ms
[2021-03-20T18:40:35.697+0100][gc,heap      ] GC(0) Eden regions: 51->0(44)
[2021-03-20T18:40:35.697+0100][gc,heap      ] GC(0) Survivor regions: 0->7(7)
[2021-03-20T18:40:35.697+0100][gc,heap      ] GC(0) Old regions: 2->2
[2021-03-20T18:40:35.697+0100][gc,heap      ] GC(0) Humongous regions: 0->0
[2021-03-20T18:40:35.697+0100][gc,metaspace ] GC(0) Metaspace: 15663K->15663K(1062912K)
[2021-03-20T18:40:35.697+0100][gc           ] GC(0) Pause Young (Normal) (G1 Evacuation Pause) 51M->7M(1024M) 183,649ms
[2021-03-20T18:40:35.697+0100][gc,cpu       ] GC(0) User=0,01s Sys=0,68s Real=0,18s
[2021-03-20T18:40:36.506+0100][gc,heap,exit ] Heap
[2021-03-20T18:40:36.506+0100][gc,heap,exit ]  garbage-first heap   total 1048576K, used 26720K [0x00000000c0000000, 0x0000000100000000)
[2021-03-20T18:40:36.506+0100][gc,heap,exit ]   region size 1024K, 27 young (27648K), 7 survivors (7168K)
[2021-03-20T18:40:36.506+0100][gc,heap,exit ]  Metaspace       used 20512K, capacity 21073K, committed 21248K, reserved 1067008K
[2021-03-20T18:40:36.506+0100][gc,heap,exit ]   class space    used 2506K, capacity 2731K, committed 2816K, reserved 1048576K
