[2021-03-21T18:20:14.019+0100][gc,heap] Heap region size: 1M
[2021-03-21T18:20:14.027+0100][gc     ] Using G1
[2021-03-21T18:20:14.027+0100][gc,heap,coops] Heap address: 0x00000000c0000000, size: 1024 MB, Compressed Oops mode: 32-bit
[2021-03-21T18:20:14.027+0100][gc,cds       ] Mark closed archive regions in map: [0x00000000fff00000, 0x00000000fff6aff8]
[2021-03-21T18:20:14.027+0100][gc,cds       ] Mark open archive regions in map: [0x00000000ffe00000, 0x00000000ffe46ff8]
[2021-03-21T18:20:14.878+0100][gc,start     ] GC(0) Pause Young (Normal) (G1 Evacuation Pause)
[2021-03-21T18:20:14.878+0100][gc,task      ] GC(0) Using 4 workers of 4 for evacuation
[2021-03-21T18:20:14.890+0100][gc,phases    ] GC(0)   Pre Evacuate Collection Set: 0,1ms
[2021-03-21T18:20:14.890+0100][gc,phases    ] GC(0)   Evacuate Collection Set: 10,9ms
[2021-03-21T18:20:14.890+0100][gc,phases    ] GC(0)   Post Evacuate Collection Set: 0,7ms
[2021-03-21T18:20:14.890+0100][gc,phases    ] GC(0)   Other: 0,8ms
[2021-03-21T18:20:14.890+0100][gc,heap      ] GC(0) Eden regions: 51->0(44)
[2021-03-21T18:20:14.890+0100][gc,heap      ] GC(0) Survivor regions: 0->7(7)
[2021-03-21T18:20:14.890+0100][gc,heap      ] GC(0) Old regions: 2->2
[2021-03-21T18:20:14.890+0100][gc,heap      ] GC(0) Humongous regions: 0->0
[2021-03-21T18:20:14.890+0100][gc,metaspace ] GC(0) Metaspace: 15694K->15694K(1062912K)
[2021-03-21T18:20:14.890+0100][gc           ] GC(0) Pause Young (Normal) (G1 Evacuation Pause) 51M->7M(1024M) 12,601ms
[2021-03-21T18:20:14.890+0100][gc,cpu       ] GC(0) User=0,03s Sys=0,00s Real=0,01s
[2021-03-21T18:20:15.125+0100][gc,start     ] GC(1) Pause Young (Concurrent Start) (Metadata GC Threshold)
[2021-03-21T18:20:15.125+0100][gc,task      ] GC(1) Using 4 workers of 4 for evacuation
[2021-03-21T18:20:15.133+0100][gc,phases    ] GC(1)   Pre Evacuate Collection Set: 0,0ms
[2021-03-21T18:20:15.133+0100][gc,phases    ] GC(1)   Evacuate Collection Set: 6,5ms
[2021-03-21T18:20:15.133+0100][gc,phases    ] GC(1)   Post Evacuate Collection Set: 0,4ms
[2021-03-21T18:20:15.133+0100][gc,phases    ] GC(1)   Other: 0,3ms
[2021-03-21T18:20:15.133+0100][gc,heap      ] GC(1) Eden regions: 20->0(50)
[2021-03-21T18:20:15.133+0100][gc,heap      ] GC(1) Survivor regions: 7->1(7)
[2021-03-21T18:20:15.133+0100][gc,heap      ] GC(1) Old regions: 2->9
[2021-03-21T18:20:15.133+0100][gc,heap      ] GC(1) Humongous regions: 0->0
[2021-03-21T18:20:15.133+0100][gc,metaspace ] GC(1) Metaspace: 20612K->20612K(1067008K)
[2021-03-21T18:20:15.133+0100][gc           ] GC(1) Pause Young (Concurrent Start) (Metadata GC Threshold) 26M->8M(1024M) 7,250ms
[2021-03-21T18:20:15.133+0100][gc,cpu       ] GC(1) User=0,00s Sys=0,01s Real=0,01s
[2021-03-21T18:20:15.135+0100][gc           ] GC(2) Concurrent Cycle
[2021-03-21T18:20:15.135+0100][gc,marking   ] GC(2) Concurrent Clear Claimed Marks
[2021-03-21T18:20:15.135+0100][gc,marking   ] GC(2) Concurrent Clear Claimed Marks 0,286ms
[2021-03-21T18:20:15.135+0100][gc,marking   ] GC(2) Concurrent Scan Root Regions
[2021-03-21T18:20:15.136+0100][gc,marking   ] GC(2) Concurrent Scan Root Regions 0,815ms
[2021-03-21T18:20:15.136+0100][gc,marking   ] GC(2) Concurrent Mark (1,120s)
[2021-03-21T18:20:15.136+0100][gc,marking   ] GC(2) Concurrent Mark From Roots
[2021-03-21T18:20:15.136+0100][gc,task      ] GC(2) Using 1 workers of 1 for marking
[2021-03-21T18:20:15.147+0100][gc,marking   ] GC(2) Concurrent Mark From Roots 10,812ms
[2021-03-21T18:20:15.147+0100][gc,marking   ] GC(2) Concurrent Preclean
[2021-03-21T18:20:15.147+0100][gc,marking   ] GC(2) Concurrent Preclean 0,079ms
[2021-03-21T18:20:15.147+0100][gc,marking   ] GC(2) Concurrent Mark (1,120s, 1,131s) 10,935ms
[2021-03-21T18:20:15.147+0100][gc,start     ] GC(2) Pause Remark
[2021-03-21T18:20:15.149+0100][gc,stringtable] GC(2) Cleaned string and symbol table, strings: 5025 processed, 0 removed, symbols: 49759 processed, 42 removed
[2021-03-21T18:20:15.149+0100][gc            ] GC(2) Pause Remark 9M->9M(1024M) 1,897ms
[2021-03-21T18:20:15.149+0100][gc,cpu        ] GC(2) User=0,00s Sys=0,00s Real=0,01s
[2021-03-21T18:20:15.149+0100][gc,marking    ] GC(2) Concurrent Rebuild Remembered Sets
[2021-03-21T18:20:15.153+0100][gc,marking    ] GC(2) Concurrent Rebuild Remembered Sets 3,887ms
[2021-03-21T18:20:15.153+0100][gc,start      ] GC(2) Pause Cleanup
[2021-03-21T18:20:15.153+0100][gc            ] GC(2) Pause Cleanup 9M->9M(1024M) 0,188ms
[2021-03-21T18:20:15.153+0100][gc,cpu        ] GC(2) User=0,00s Sys=0,00s Real=0,00s
[2021-03-21T18:20:15.153+0100][gc,marking    ] GC(2) Concurrent Cleanup for Next Mark
[2021-03-21T18:20:15.161+0100][gc,marking    ] GC(2) Concurrent Cleanup for Next Mark 7,310ms
[2021-03-21T18:20:15.161+0100][gc            ] GC(2) Concurrent Cycle 25,922ms
[2021-03-21T18:20:15.852+0100][gc,start      ] GC(3) Pause Young (Normal) (G1 Evacuation Pause)
[2021-03-21T18:20:15.852+0100][gc,task       ] GC(3) Using 4 workers of 4 for evacuation
[2021-03-21T18:20:15.857+0100][gc,phases     ] GC(3)   Pre Evacuate Collection Set: 0,0ms
[2021-03-21T18:20:15.857+0100][gc,phases     ] GC(3)   Evacuate Collection Set: 3,9ms
[2021-03-21T18:20:15.857+0100][gc,phases     ] GC(3)   Post Evacuate Collection Set: 0,5ms
[2021-03-21T18:20:15.857+0100][gc,phases     ] GC(3)   Other: 0,2ms
[2021-03-21T18:20:15.857+0100][gc,heap       ] GC(3) Eden regions: 50->0(47)
[2021-03-21T18:20:15.857+0100][gc,heap       ] GC(3) Survivor regions: 1->4(7)
[2021-03-21T18:20:15.857+0100][gc,heap       ] GC(3) Old regions: 9->9
[2021-03-21T18:20:15.857+0100][gc,heap       ] GC(3) Humongous regions: 129->129
[2021-03-21T18:20:15.857+0100][gc,metaspace  ] GC(3) Metaspace: 29176K->29176K(1075200K)
[2021-03-21T18:20:15.857+0100][gc            ] GC(3) Pause Young (Normal) (G1 Evacuation Pause) 187M->140M(1024M) 4,709ms
[2021-03-21T18:20:15.857+0100][gc,cpu        ] GC(3) User=0,02s Sys=0,00s Real=0,01s
[2021-03-21T18:20:16.162+0100][gc,start      ] GC(4) Pause Young (Concurrent Start) (Metadata GC Threshold)
[2021-03-21T18:20:16.162+0100][gc,task       ] GC(4) Using 4 workers of 4 for evacuation
[2021-03-21T18:20:16.171+0100][gc,phases     ] GC(4)   Pre Evacuate Collection Set: 0,1ms
[2021-03-21T18:20:16.171+0100][gc,phases     ] GC(4)   Evacuate Collection Set: 7,7ms
[2021-03-21T18:20:16.171+0100][gc,phases     ] GC(4)   Post Evacuate Collection Set: 0,6ms
[2021-03-21T18:20:16.171+0100][gc,phases     ] GC(4)   Other: 0,2ms
[2021-03-21T18:20:16.171+0100][gc,heap       ] GC(4) Eden regions: 26->0(45)
[2021-03-21T18:20:16.171+0100][gc,heap       ] GC(4) Survivor regions: 4->6(7)
[2021-03-21T18:20:16.171+0100][gc,heap       ] GC(4) Old regions: 9->10
[2021-03-21T18:20:16.171+0100][gc,heap       ] GC(4) Humongous regions: 129->129
[2021-03-21T18:20:16.171+0100][gc,metaspace  ] GC(4) Metaspace: 34572K->34572K(1081344K)
[2021-03-21T18:20:16.171+0100][gc            ] GC(4) Pause Young (Concurrent Start) (Metadata GC Threshold) 165M->142M(1024M) 8,612ms
[2021-03-21T18:20:16.171+0100][gc,cpu        ] GC(4) User=0,02s Sys=0,00s Real=0,01s
[2021-03-21T18:20:16.171+0100][gc            ] GC(5) Concurrent Cycle
[2021-03-21T18:20:16.171+0100][gc,marking    ] GC(5) Concurrent Clear Claimed Marks
[2021-03-21T18:20:16.171+0100][gc,marking    ] GC(5) Concurrent Clear Claimed Marks 0,098ms
[2021-03-21T18:20:16.171+0100][gc,marking    ] GC(5) Concurrent Scan Root Regions
[2021-03-21T18:20:16.179+0100][gc,marking    ] GC(5) Concurrent Scan Root Regions 8,372ms
[2021-03-21T18:20:16.179+0100][gc,marking    ] GC(5) Concurrent Mark (2,163s)
[2021-03-21T18:20:16.179+0100][gc,marking    ] GC(5) Concurrent Mark From Roots
[2021-03-21T18:20:16.179+0100][gc,task       ] GC(5) Using 1 workers of 1 for marking
[2021-03-21T18:20:16.197+0100][gc,marking    ] GC(5) Concurrent Mark From Roots 17,347ms
[2021-03-21T18:20:16.197+0100][gc,marking    ] GC(5) Concurrent Preclean
[2021-03-21T18:20:16.197+0100][gc,marking    ] GC(5) Concurrent Preclean 0,068ms
[2021-03-21T18:20:16.197+0100][gc,marking    ] GC(5) Concurrent Mark (2,163s, 2,181s) 17,465ms
[2021-03-21T18:20:16.200+0100][gc,start      ] GC(5) Pause Remark
[2021-03-21T18:20:16.204+0100][gc,stringtable] GC(5) Cleaned string and symbol table, strings: 10294 processed, 10 removed, symbols: 81906 processed, 11 removed
[2021-03-21T18:20:16.205+0100][gc            ] GC(5) Pause Remark 145M->145M(1024M) 4,709ms
[2021-03-21T18:20:16.205+0100][gc,cpu        ] GC(5) User=0,01s Sys=0,00s Real=0,00s
[2021-03-21T18:20:16.205+0100][gc,marking    ] GC(5) Concurrent Rebuild Remembered Sets
[2021-03-21T18:20:16.218+0100][gc,marking    ] GC(5) Concurrent Rebuild Remembered Sets 13,647ms
[2021-03-21T18:20:16.226+0100][gc,start      ] GC(5) Pause Cleanup
[2021-03-21T18:20:16.227+0100][gc            ] GC(5) Pause Cleanup 146M->146M(1024M) 0,191ms
[2021-03-21T18:20:16.227+0100][gc,cpu        ] GC(5) User=0,00s Sys=0,00s Real=0,00s
[2021-03-21T18:20:16.227+0100][gc,marking    ] GC(5) Concurrent Cleanup for Next Mark
[2021-03-21T18:20:16.243+0100][gc,marking    ] GC(5) Concurrent Cleanup for Next Mark 16,332ms
[2021-03-21T18:20:16.243+0100][gc            ] GC(5) Concurrent Cycle 72,548ms
[2021-03-21T18:22:00.978+0100][gc,start      ] GC(6) Pause Young (Concurrent Start) (G1 Evacuation Pause)
[2021-03-21T18:22:00.978+0100][gc,task       ] GC(6) Using 4 workers of 4 for evacuation
[2021-03-21T18:22:00.991+0100][gc,phases     ] GC(6)   Pre Evacuate Collection Set: 0,2ms
[2021-03-21T18:22:00.991+0100][gc,phases     ] GC(6)   Evacuate Collection Set: 12,0ms
[2021-03-21T18:22:00.991+0100][gc,phases     ] GC(6)   Post Evacuate Collection Set: 0,6ms
[2021-03-21T18:22:00.991+0100][gc,phases     ] GC(6)   Other: 0,5ms
[2021-03-21T18:22:00.991+0100][gc,heap       ] GC(6) Eden regions: 45->0(46)
[2021-03-21T18:22:00.991+0100][gc,heap       ] GC(6) Survivor regions: 6->5(7)
[2021-03-21T18:22:00.991+0100][gc,heap       ] GC(6) Old regions: 10->13
[2021-03-21T18:22:00.991+0100][gc,heap       ] GC(6) Humongous regions: 135->129
[2021-03-21T18:22:00.991+0100][gc,metaspace  ] GC(6) Metaspace: 40022K->40022K(1085440K)
[2021-03-21T18:22:00.991+0100][gc            ] GC(6) Pause Young (Concurrent Start) (G1 Evacuation Pause) 193M->144M(1024M) 13,337ms
[2021-03-21T18:22:00.991+0100][gc,cpu        ] GC(6) User=0,02s Sys=0,01s Real=0,01s
[2021-03-21T18:22:00.991+0100][gc            ] GC(7) Concurrent Cycle
[2021-03-21T18:22:00.991+0100][gc,marking    ] GC(7) Concurrent Clear Claimed Marks
[2021-03-21T18:22:00.991+0100][gc,marking    ] GC(7) Concurrent Clear Claimed Marks 0,141ms
[2021-03-21T18:22:00.991+0100][gc,marking    ] GC(7) Concurrent Scan Root Regions
[2021-03-21T18:22:00.994+0100][gc,marking    ] GC(7) Concurrent Scan Root Regions 2,741ms
[2021-03-21T18:22:00.994+0100][gc,marking    ] GC(7) Concurrent Mark (106,978s)
[2021-03-21T18:22:00.994+0100][gc,marking    ] GC(7) Concurrent Mark From Roots
[2021-03-21T18:22:00.994+0100][gc,task       ] GC(7) Using 1 workers of 1 for marking
[2021-03-21T18:22:01.008+0100][gc,marking    ] GC(7) Concurrent Mark From Roots 13,668ms
[2021-03-21T18:22:01.008+0100][gc,marking    ] GC(7) Concurrent Preclean
[2021-03-21T18:22:01.008+0100][gc,marking    ] GC(7) Concurrent Preclean 0,102ms
[2021-03-21T18:22:01.008+0100][gc,marking    ] GC(7) Concurrent Mark (106,978s, 106,992s) 13,811ms
[2021-03-21T18:22:01.010+0100][gc,start      ] GC(7) Pause Remark
[2021-03-21T18:22:01.013+0100][gc,stringtable] GC(7) Cleaned string and symbol table, strings: 11425 processed, 3 removed, symbols: 86174 processed, 1 removed
[2021-03-21T18:22:01.013+0100][gc            ] GC(7) Pause Remark 146M->146M(1024M) 3,291ms
[2021-03-21T18:22:01.013+0100][gc,cpu        ] GC(7) User=0,01s Sys=0,00s Real=0,00s
[2021-03-21T18:22:01.013+0100][gc,marking    ] GC(7) Concurrent Rebuild Remembered Sets
[2021-03-21T18:22:01.021+0100][gc,marking    ] GC(7) Concurrent Rebuild Remembered Sets 8,103ms
[2021-03-21T18:22:01.025+0100][gc,start      ] GC(7) Pause Cleanup
[2021-03-21T18:22:01.025+0100][gc            ] GC(7) Pause Cleanup 147M->147M(1024M) 0,198ms
[2021-03-21T18:22:01.025+0100][gc,cpu        ] GC(7) User=0,00s Sys=0,00s Real=0,00s
[2021-03-21T18:22:01.025+0100][gc,marking    ] GC(7) Concurrent Cleanup for Next Mark
[2021-03-21T18:22:01.027+0100][gc,marking    ] GC(7) Concurrent Cleanup for Next Mark 1,207ms
[2021-03-21T18:22:01.027+0100][gc            ] GC(7) Concurrent Cycle 35,480ms
[2021-03-21T18:25:44.138+0100][gc,start      ] GC(8) Pause Young (Normal) (G1 Evacuation Pause)
[2021-03-21T18:25:44.138+0100][gc,task       ] GC(8) Using 4 workers of 4 for evacuation
[2021-03-21T18:25:44.153+0100][gc,phases     ] GC(8)   Pre Evacuate Collection Set: 0,1ms
[2021-03-21T18:25:44.153+0100][gc,phases     ] GC(8)   Evacuate Collection Set: 14,6ms
[2021-03-21T18:25:44.154+0100][gc,phases     ] GC(8)   Post Evacuate Collection Set: 0,5ms
[2021-03-21T18:25:44.154+0100][gc,phases     ] GC(8)   Other: 0,3ms
[2021-03-21T18:25:44.154+0100][gc,heap       ] GC(8) Eden regions: 46->0(47)
[2021-03-21T18:25:44.154+0100][gc,heap       ] GC(8) Survivor regions: 5->4(7)
[2021-03-21T18:25:44.154+0100][gc,heap       ] GC(8) Old regions: 13->15
[2021-03-21T18:25:44.154+0100][gc,heap       ] GC(8) Humongous regions: 129->129
[2021-03-21T18:25:44.154+0100][gc,metaspace  ] GC(8) Metaspace: 41274K->41274K(1087488K)
[2021-03-21T18:25:44.154+0100][gc            ] GC(8) Pause Young (Normal) (G1 Evacuation Pause) 190M->146M(1024M) 15,531ms
[2021-03-21T18:25:44.154+0100][gc,cpu        ] GC(8) User=0,03s Sys=0,00s Real=0,01s
[2021-03-21T18:28:46.881+0100][gc,start      ] GC(9) Pause Young (Normal) (G1 Evacuation Pause)
[2021-03-21T18:28:46.881+0100][gc,task       ] GC(9) Using 4 workers of 4 for evacuation
[2021-03-21T18:28:46.889+0100][gc,phases     ] GC(9)   Pre Evacuate Collection Set: 0,1ms
[2021-03-21T18:28:46.889+0100][gc,phases     ] GC(9)   Evacuate Collection Set: 7,3ms
[2021-03-21T18:28:46.889+0100][gc,phases     ] GC(9)   Post Evacuate Collection Set: 0,4ms
[2021-03-21T18:28:46.889+0100][gc,phases     ] GC(9)   Other: 0,2ms
[2021-03-21T18:28:46.889+0100][gc,heap       ] GC(9) Eden regions: 47->0(47)
[2021-03-21T18:28:46.889+0100][gc,heap       ] GC(9) Survivor regions: 4->4(7)
[2021-03-21T18:28:46.889+0100][gc,heap       ] GC(9) Old regions: 15->15
[2021-03-21T18:28:46.889+0100][gc,heap       ] GC(9) Humongous regions: 129->129
[2021-03-21T18:28:46.889+0100][gc,metaspace  ] GC(9) Metaspace: 41626K->41626K(1087488K)
[2021-03-21T18:28:46.889+0100][gc            ] GC(9) Pause Young (Normal) (G1 Evacuation Pause) 193M->146M(1024M) 8,137ms
[2021-03-21T18:28:46.889+0100][gc,cpu        ] GC(9) User=0,01s Sys=0,00s Real=0,01s
[2021-03-21T18:31:30.734+0100][gc,start      ] GC(10) Pause Young (Normal) (G1 Evacuation Pause)
[2021-03-21T18:31:30.734+0100][gc,task       ] GC(10) Using 4 workers of 4 for evacuation
[2021-03-21T18:31:30.753+0100][gc,phases     ] GC(10)   Pre Evacuate Collection Set: 0,3ms
[2021-03-21T18:31:30.753+0100][gc,phases     ] GC(10)   Evacuate Collection Set: 15,9ms
[2021-03-21T18:31:30.753+0100][gc,phases     ] GC(10)   Post Evacuate Collection Set: 2,1ms
[2021-03-21T18:31:30.753+0100][gc,phases     ] GC(10)   Other: 0,8ms
[2021-03-21T18:31:30.753+0100][gc,heap       ] GC(10) Eden regions: 47->0(47)
[2021-03-21T18:31:30.753+0100][gc,heap       ] GC(10) Survivor regions: 4->4(7)
[2021-03-21T18:31:30.753+0100][gc,heap       ] GC(10) Old regions: 15->15
[2021-03-21T18:31:30.753+0100][gc,heap       ] GC(10) Humongous regions: 129->129
[2021-03-21T18:31:30.753+0100][gc,metaspace  ] GC(10) Metaspace: 41821K->41821K(1087488K)
[2021-03-21T18:31:30.753+0100][gc            ] GC(10) Pause Young (Normal) (G1 Evacuation Pause) 193M->146M(1024M) 19,350ms
[2021-03-21T18:31:30.753+0100][gc,cpu        ] GC(10) User=0,06s Sys=0,00s Real=0,02s
[2021-03-21T18:40:00.809+0100][gc,start      ] GC(11) Pause Young (Normal) (G1 Evacuation Pause)
[2021-03-21T18:40:00.809+0100][gc,task       ] GC(11) Using 4 workers of 4 for evacuation
[2021-03-21T18:40:00.817+0100][gc,phases     ] GC(11)   Pre Evacuate Collection Set: 0,2ms
[2021-03-21T18:40:00.817+0100][gc,phases     ] GC(11)   Evacuate Collection Set: 6,9ms
[2021-03-21T18:40:00.817+0100][gc,phases     ] GC(11)   Post Evacuate Collection Set: 0,5ms
[2021-03-21T18:40:00.817+0100][gc,phases     ] GC(11)   Other: 0,3ms
[2021-03-21T18:40:00.817+0100][gc,heap       ] GC(11) Eden regions: 47->0(48)
[2021-03-21T18:40:00.817+0100][gc,heap       ] GC(11) Survivor regions: 4->3(7)
[2021-03-21T18:40:00.817+0100][gc,heap       ] GC(11) Old regions: 15->17
[2021-03-21T18:40:00.817+0100][gc,heap       ] GC(11) Humongous regions: 129->129
[2021-03-21T18:40:00.817+0100][gc,metaspace  ] GC(11) Metaspace: 41909K->41909K(1087488K)
[2021-03-21T18:40:00.817+0100][gc            ] GC(11) Pause Young (Normal) (G1 Evacuation Pause) 193M->146M(1024M) 8,038ms
[2021-03-21T18:40:00.817+0100][gc,cpu        ] GC(11) User=0,02s Sys=0,00s Real=0,01s
