[2021-03-21T20:25:39.292+0100][gc,heap] Heap region size: 1M
[2021-03-21T20:25:39.298+0100][gc     ] Using G1
[2021-03-21T20:25:39.298+0100][gc,heap,coops] Heap address: 0x00000000e0000000, size: 512 MB, Compressed Oops mode: 32-bit
[2021-03-21T20:25:39.298+0100][gc,cds       ] Mark closed archive regions in map: [0x00000000fff00000, 0x00000000fff6aff8]
[2021-03-21T20:25:39.298+0100][gc,cds       ] Mark open archive regions in map: [0x00000000ffe00000, 0x00000000ffe46ff8]
[2021-03-21T20:26:19.927+0100][gc,start     ] GC(0) Pause Young (Normal) (G1 Evacuation Pause)
[2021-03-21T20:26:19.928+0100][gc,task      ] GC(0) Using 4 workers of 4 for evacuation
[2021-03-21T20:26:19.950+0100][gc,mmu       ] GC(0) MMU target violated: 21,0ms (20,0ms/21,0ms)
[2021-03-21T20:26:19.950+0100][gc,phases    ] GC(0)   Pre Evacuate Collection Set: 0,0ms
[2021-03-21T20:26:19.950+0100][gc,phases    ] GC(0)   Evacuate Collection Set: 21,5ms
[2021-03-21T20:26:19.950+0100][gc,phases    ] GC(0)   Post Evacuate Collection Set: 0,6ms
[2021-03-21T20:26:19.950+0100][gc,phases    ] GC(0)   Other: 1,5ms
[2021-03-21T20:26:19.950+0100][gc,heap      ] GC(0) Eden regions: 25->0(21)
[2021-03-21T20:26:19.950+0100][gc,heap      ] GC(0) Survivor regions: 0->4(4)
[2021-03-21T20:26:19.950+0100][gc,heap      ] GC(0) Old regions: 2->4
[2021-03-21T20:26:19.950+0100][gc,heap      ] GC(0) Humongous regions: 0->0
[2021-03-21T20:26:19.950+0100][gc,metaspace ] GC(0) Metaspace: 7730K->7730K(1056768K)
[2021-03-21T20:26:19.950+0100][gc           ] GC(0) Pause Young (Normal) (G1 Evacuation Pause) 25M->6M(512M) 23,589ms
[2021-03-21T20:26:19.950+0100][gc,cpu       ] GC(0) User=0,00s Sys=0,08s Real=0,02s
