[2021-03-20T18:37:22.407+0100][gc,heap] Heap region size: 1M
[2021-03-20T18:37:22.417+0100][gc     ] Using G1
[2021-03-20T18:37:22.418+0100][gc,heap,coops] Heap address: 0x00000000e0000000, size: 512 MB, Compressed Oops mode: 32-bit
[2021-03-20T18:37:22.418+0100][gc,cds       ] Mark closed archive regions in map: [0x00000000fff00000, 0x00000000fff6aff8]
[2021-03-20T18:37:22.418+0100][gc,cds       ] Mark open archive regions in map: [0x00000000ffe00000, 0x00000000ffe46ff8]
[2021-03-20T18:40:34.896+0100][gc,start     ] GC(0) Pause Young (Normal) (G1 Evacuation Pause)
[2021-03-20T18:40:34.897+0100][gc,task      ] GC(0) Using 4 workers of 4 for evacuation
[2021-03-20T18:40:35.134+0100][gc,mmu       ] GC(0) MMU target violated: 21,0ms (20,0ms/21,0ms)
[2021-03-20T18:40:35.135+0100][gc,phases    ] GC(0)   Pre Evacuate Collection Set: 0,0ms
[2021-03-20T18:40:35.135+0100][gc,phases    ] GC(0)   Evacuate Collection Set: 235,1ms
[2021-03-20T18:40:35.135+0100][gc,phases    ] GC(0)   Post Evacuate Collection Set: 2,1ms
[2021-03-20T18:40:35.135+0100][gc,phases    ] GC(0)   Other: 1,6ms
[2021-03-20T18:40:35.135+0100][gc,heap      ] GC(0) Eden regions: 25->0(21)
[2021-03-20T18:40:35.135+0100][gc,heap      ] GC(0) Survivor regions: 0->4(4)
[2021-03-20T18:40:35.135+0100][gc,heap      ] GC(0) Old regions: 2->4
[2021-03-20T18:40:35.135+0100][gc,heap      ] GC(0) Humongous regions: 0->0
[2021-03-20T18:40:35.135+0100][gc,metaspace ] GC(0) Metaspace: 7614K->7614K(1056768K)
[2021-03-20T18:40:35.135+0100][gc           ] GC(0) Pause Young (Normal) (G1 Evacuation Pause) 25M->5M(512M) 239,080ms
[2021-03-20T18:40:35.135+0100][gc,cpu       ] GC(0) User=0,09s Sys=0,81s Real=0,24s
[2021-03-20T19:18:00.466+0100][gc,heap,exit ] Heap
[2021-03-20T19:18:00.466+0100][gc,heap,exit ]  garbage-first heap   total 524288K, used 14172K [0x00000000e0000000, 0x0000000100000000)
[2021-03-20T19:18:00.466+0100][gc,heap,exit ]   region size 1024K, 13 young (13312K), 4 survivors (4096K)
[2021-03-20T19:18:00.466+0100][gc,heap,exit ]  Metaspace       used 8395K, capacity 8719K, committed 8960K, reserved 1056768K
[2021-03-20T19:18:00.466+0100][gc,heap,exit ]   class space    used 902K, capacity 1015K, committed 1024K, reserved 1048576K
